###############################################################################
#
# IAR ELF Linker V9.50.1.380/W64 for ARM                  11/Aug/2026  14:37:16
# Copyright 2007-2023 IAR Systems AB.
#
#    Output file  =
#        F:\Harsha\Hashtic_Controller_V2\JHASHTICSourceCodeV1\EWARM\JHASHTICSourceCodeV1\Exe\JHASHTICSourceCodeV1.out
#    Map file     =
#        F:\Harsha\Hashtic_Controller_V2\JHASHTICSourceCodeV1\EWARM\JHASHTICSourceCodeV1\List\JHASHTICSourceCodeV1.map
#    Command line =
#        -f
#        F:\Harsha\Hashtic_Controller_V2\JHASHTICSourceCodeV1\EWARM\JHASHTICSourceCodeV1\Exe\JHASHTICSourceCodeV1.out.rsp
#        (F:\Harsha\Hashtic_Controller_V2\JHASHTICSourceCodeV1\EWARM\JHASHTICSourceCodeV1\Obj\AS5x47P_10707280842051142451.dir\AS5x47P.o
#        F:\Harsha\Hashtic_Controller_V2\JHASHTICSourceCodeV1\EWARM\JHASHTICSourceCodeV1\Obj\MotorControl_8024592486813348213.dir\bus_voltage_sensor.o
#        F:\Harsha\Hashtic_Controller_V2\JHASHTICSourceCodeV1\EWARM\JHASHTICSourceCodeV1\Obj\MotorControl_8024592486813348213.dir\circle_limitation.o
#        F:\Harsha\Hashtic_Controller_V2\JHASHTICSourceCodeV1\EWARM\JHASHTICSourceCodeV1\Obj\TMCM_13913985769163509077.dir\Configuration.o
#        F:\Harsha\Hashtic_Controller_V2\JHASHTICSourceCodeV1\EWARM\JHASHTICSourceCodeV1\Obj\TMCM_13913985769163509077.dir\ControlFns.o
#        F:\Harsha\Hashtic_Controller_V2\JHASHTICSourceCodeV1\EWARM\JHASHTICSourceCodeV1\Obj\MotorControl_8024592486813348213.dir\dac_common_ui.o
#        F:\Harsha\Hashtic_Controller_V2\JHASHTICSourceCodeV1\EWARM\JHASHTICSourceCodeV1\Obj\User_8454777428142420917.dir\dac_ui.o
#        F:\Harsha\Hashtic_Controller_V2\JHASHTICSourceCodeV1\EWARM\JHASHTICSourceCodeV1\Obj\MotorControl_8024592486813348213.dir\digital_output.o
#        F:\Harsha\Hashtic_Controller_V2\JHASHTICSourceCodeV1\EWARM\JHASHTICSourceCodeV1\Obj\EmulatedEeprom_4132558620250689270.dir\eeprom_emul.o
#        F:\Harsha\Hashtic_Controller_V2\JHASHTICSourceCodeV1\EWARM\JHASHTICSourceCodeV1\Obj\MotorControl_8024592486813348213.dir\enc_align_ctrl.o
#        F:\Harsha\Hashtic_Controller_V2\JHASHTICSourceCodeV1\EWARM\JHASHTICSourceCodeV1\Obj\TMCM_13913985769163509077.dir\EncFaults.o
#        F:\Harsha\Hashtic_Controller_V2\JHASHTICSourceCodeV1\EWARM\JHASHTICSourceCodeV1\Obj\MotorControl_8024592486813348213.dir\encoder_speed_pos_fdbk.o
#        F:\Harsha\Hashtic_Controller_V2\JHASHTICSourceCodeV1\EWARM\JHASHTICSourceCodeV1\Obj\AS5x47P_10707280842051142451.dir\EncoderFns.o
#        F:\Harsha\Hashtic_Controller_V2\JHASHTICSourceCodeV1\EWARM\JHASHTICSourceCodeV1\Obj\TMCM_13913985769163509077.dir\FDCAN.o
#        F:\Harsha\Hashtic_Controller_V2\JHASHTICSourceCodeV1\EWARM\JHASHTICSourceCodeV1\Obj\EmulatedEeprom_4132558620250689270.dir\flash_interface.o
#        F:\Harsha\Hashtic_Controller_V2\JHASHTICSourceCodeV1\EWARM\JHASHTICSourceCodeV1\Obj\MotorControl_8024592486813348213.dir\frame_communication_protocol.o
#        F:\Harsha\Hashtic_Controller_V2\JHASHTICSourceCodeV1\EWARM\JHASHTICSourceCodeV1\Obj\MotorControl_8024592486813348213.dir\ics_g4xx_pwm_curr_fdbk.o
#        F:\Harsha\Hashtic_Controller_V2\JHASHTICSourceCodeV1\MCSDK_v5.4.7\MotorControl\lib\libmc-iar_M4.a
#        F:\Harsha\Hashtic_Controller_V2\JHASHTICSourceCodeV1\EWARM\JHASHTICSourceCodeV1\Obj\User_8454777428142420917.dir\main.o
#        F:\Harsha\Hashtic_Controller_V2\JHASHTICSourceCodeV1\EWARM\JHASHTICSourceCodeV1\Obj\User_8454777428142420917.dir\mc_api.o
#        F:\Harsha\Hashtic_Controller_V2\JHASHTICSourceCodeV1\EWARM\JHASHTICSourceCodeV1\Obj\User_8454777428142420917.dir\mc_config.o
#        F:\Harsha\Hashtic_Controller_V2\JHASHTICSourceCodeV1\EWARM\JHASHTICSourceCodeV1\Obj\User_8454777428142420917.dir\mc_interface.o
#        F:\Harsha\Hashtic_Controller_V2\JHASHTICSourceCodeV1\EWARM\JHASHTICSourceCodeV1\Obj\User_8454777428142420917.dir\mc_math.o
#        F:\Harsha\Hashtic_Controller_V2\JHASHTICSourceCodeV1\EWARM\JHASHTICSourceCodeV1\Obj\User_8454777428142420917.dir\mc_parameters.o
#        F:\Harsha\Hashtic_Controller_V2\JHASHTICSourceCodeV1\EWARM\JHASHTICSourceCodeV1\Obj\User_8454777428142420917.dir\mc_tasks.o
#        F:\Harsha\Hashtic_Controller_V2\JHASHTICSourceCodeV1\EWARM\JHASHTICSourceCodeV1\Obj\EmulatedEeprom_4132558620250689270.dir\motor_config.o
#        F:\Harsha\Hashtic_Controller_V2\JHASHTICSourceCodeV1\EWARM\JHASHTICSourceCodeV1\Obj\User_8454777428142420917.dir\motor_control_protocol.o
#        F:\Harsha\Hashtic_Controller_V2\JHASHTICSourceCodeV1\EWARM\JHASHTICSourceCodeV1\Obj\MotorControl_8024592486813348213.dir\motor_power_measurement.o
#        F:\Harsha\Hashtic_Controller_V2\JHASHTICSourceCodeV1\EWARM\JHASHTICSourceCodeV1\Obj\User_8454777428142420917.dir\motorcontrol.o
#        F:\Harsha\Hashtic_Controller_V2\JHASHTICSourceCodeV1\EWARM\JHASHTICSourceCodeV1\Obj\MotorControl_8024592486813348213.dir\ntc_temperature_sensor.o
#        F:\Harsha\Hashtic_Controller_V2\JHASHTICSourceCodeV1\EWARM\JHASHTICSourceCodeV1\Obj\MotorControl_8024592486813348213.dir\open_loop.o
#        F:\Harsha\Hashtic_Controller_V2\JHASHTICSourceCodeV1\EWARM\JHASHTICSourceCodeV1\Obj\MotorControl_8024592486813348213.dir\pid_regulator.o
#        F:\Harsha\Hashtic_Controller_V2\JHASHTICSourceCodeV1\EWARM\JHASHTICSourceCodeV1\Obj\MotorControl_8024592486813348213.dir\pqd_motor_power_measurement.o
#        F:\Harsha\Hashtic_Controller_V2\JHASHTICSourceCodeV1\EWARM\JHASHTICSourceCodeV1\Obj\TMCM_13913985769163509077.dir\PRECHARGE.o
#        F:\Harsha\Hashtic_Controller_V2\JHASHTICSourceCodeV1\EWARM\JHASHTICSourceCodeV1\Obj\MotorControl_8024592486813348213.dir\pwm_common.o
#        F:\Harsha\Hashtic_Controller_V2\JHASHTICSourceCodeV1\EWARM\JHASHTICSourceCodeV1\Obj\MotorControl_8024592486813348213.dir\pwm_curr_fdbk.o
#        F:\Harsha\Hashtic_Controller_V2\JHASHTICSourceCodeV1\EWARM\JHASHTICSourceCodeV1\Obj\MotorControl_8024592486813348213.dir\r_divider_bus_voltage_sensor.o
#        F:\Harsha\Hashtic_Controller_V2\JHASHTICSourceCodeV1\EWARM\JHASHTICSourceCodeV1\Obj\MotorControl_8024592486813348213.dir\ramp_ext_mngr.o
#        F:\Harsha\Hashtic_Controller_V2\JHASHTICSourceCodeV1\EWARM\JHASHTICSourceCodeV1\Obj\User_8454777428142420917.dir\regular_conversion_manager.o
#        F:\Harsha\Hashtic_Controller_V2\JHASHTICSourceCodeV1\EWARM\JHASHTICSourceCodeV1\Obj\MotorControl_8024592486813348213.dir\speed_pos_fdbk.o
#        F:\Harsha\Hashtic_Controller_V2\JHASHTICSourceCodeV1\EWARM\JHASHTICSourceCodeV1\Obj\MotorControl_8024592486813348213.dir\speed_torq_ctrl.o
#        F:\Harsha\Hashtic_Controller_V2\JHASHTICSourceCodeV1\EWARM\JHASHTICSourceCodeV1\Obj\TMCM_13913985769163509077.dir\StartSequence.o
#        F:\Harsha\Hashtic_Controller_V2\JHASHTICSourceCodeV1\EWARM\JHASHTICSourceCodeV1\Obj\EWARM_18443280873093131863.dir\startup_stm32g474xx.o
#        F:\Harsha\Hashtic_Controller_V2\JHASHTICSourceCodeV1\EWARM\JHASHTICSourceCodeV1\Obj\MotorControl_8024592486813348213.dir\state_machine.o
#        F:\Harsha\Hashtic_Controller_V2\JHASHTICSourceCodeV1\EWARM\JHASHTICSourceCodeV1\Obj\TMCM_13913985769163509077.dir\StateMachine.o
#        F:\Harsha\Hashtic_Controller_V2\JHASHTICSourceCodeV1\EWARM\JHASHTICSourceCodeV1\Obj\STM32G4xx_HAL_Driver_577954748077118867.dir\stm32g4xx_hal.o
#        F:\Harsha\Hashtic_Controller_V2\JHASHTICSourceCodeV1\EWARM\JHASHTICSourceCodeV1\Obj\STM32G4xx_HAL_Driver_577954748077118867.dir\stm32g4xx_hal_adc.o
#        F:\Harsha\Hashtic_Controller_V2\JHASHTICSourceCodeV1\EWARM\JHASHTICSourceCodeV1\Obj\STM32G4xx_HAL_Driver_577954748077118867.dir\stm32g4xx_hal_adc_ex.o
#        F:\Harsha\Hashtic_Controller_V2\JHASHTICSourceCodeV1\EWARM\JHASHTICSourceCodeV1\Obj\STM32G4xx_HAL_Driver_577954748077118867.dir\stm32g4xx_hal_cordic.o
#        F:\Harsha\Hashtic_Controller_V2\JHASHTICSourceCodeV1\EWARM\JHASHTICSourceCodeV1\Obj\STM32G4xx_HAL_Driver_577954748077118867.dir\stm32g4xx_hal_cortex.o
#        F:\Harsha\Hashtic_Controller_V2\JHASHTICSourceCodeV1\EWARM\JHASHTICSourceCodeV1\Obj\STM32G4xx_HAL_Driver_577954748077118867.dir\stm32g4xx_hal_dac.o
#        F:\Harsha\Hashtic_Controller_V2\JHASHTICSourceCodeV1\EWARM\JHASHTICSourceCodeV1\Obj\STM32G4xx_HAL_Driver_577954748077118867.dir\stm32g4xx_hal_dac_ex.o
#        F:\Harsha\Hashtic_Controller_V2\JHASHTICSourceCodeV1\EWARM\JHASHTICSourceCodeV1\Obj\STM32G4xx_HAL_Driver_577954748077118867.dir\stm32g4xx_hal_dma.o
#        F:\Harsha\Hashtic_Controller_V2\JHASHTICSourceCodeV1\EWARM\JHASHTICSourceCodeV1\Obj\STM32G4xx_HAL_Driver_577954748077118867.dir\stm32g4xx_hal_dma_ex.o
#        F:\Harsha\Hashtic_Controller_V2\JHASHTICSourceCodeV1\EWARM\JHASHTICSourceCodeV1\Obj\STM32G4xx_HAL_Driver_577954748077118867.dir\stm32g4xx_hal_exti.o
#        F:\Harsha\Hashtic_Controller_V2\JHASHTICSourceCodeV1\EWARM\JHASHTICSourceCodeV1\Obj\STM32G4xx_HAL_Driver_577954748077118867.dir\stm32g4xx_hal_fdcan.o
#        F:\Harsha\Hashtic_Controller_V2\JHASHTICSourceCodeV1\EWARM\JHASHTICSourceCodeV1\Obj\STM32G4xx_HAL_Driver_577954748077118867.dir\stm32g4xx_hal_flash.o
#        F:\Harsha\Hashtic_Controller_V2\JHASHTICSourceCodeV1\EWARM\JHASHTICSourceCodeV1\Obj\STM32G4xx_HAL_Driver_577954748077118867.dir\stm32g4xx_hal_flash_ex.o
#        F:\Harsha\Hashtic_Controller_V2\JHASHTICSourceCodeV1\EWARM\JHASHTICSourceCodeV1\Obj\STM32G4xx_HAL_Driver_577954748077118867.dir\stm32g4xx_hal_flash_ramfunc.o
#        F:\Harsha\Hashtic_Controller_V2\JHASHTICSourceCodeV1\EWARM\JHASHTICSourceCodeV1\Obj\STM32G4xx_HAL_Driver_577954748077118867.dir\stm32g4xx_hal_gpio.o
#        F:\Harsha\Hashtic_Controller_V2\JHASHTICSourceCodeV1\EWARM\JHASHTICSourceCodeV1\Obj\User_8454777428142420917.dir\stm32g4xx_hal_msp.o
#        F:\Harsha\Hashtic_Controller_V2\JHASHTICSourceCodeV1\EWARM\JHASHTICSourceCodeV1\Obj\STM32G4xx_HAL_Driver_577954748077118867.dir\stm32g4xx_hal_pwr.o
#        F:\Harsha\Hashtic_Controller_V2\JHASHTICSourceCodeV1\EWARM\JHASHTICSourceCodeV1\Obj\STM32G4xx_HAL_Driver_577954748077118867.dir\stm32g4xx_hal_pwr_ex.o
#        F:\Harsha\Hashtic_Controller_V2\JHASHTICSourceCodeV1\EWARM\JHASHTICSourceCodeV1\Obj\STM32G4xx_HAL_Driver_577954748077118867.dir\stm32g4xx_hal_rcc.o
#        F:\Harsha\Hashtic_Controller_V2\JHASHTICSourceCodeV1\EWARM\JHASHTICSourceCodeV1\Obj\STM32G4xx_HAL_Driver_577954748077118867.dir\stm32g4xx_hal_rcc_ex.o
#        F:\Harsha\Hashtic_Controller_V2\JHASHTICSourceCodeV1\EWARM\JHASHTICSourceCodeV1\Obj\STM32G4xx_HAL_Driver_577954748077118867.dir\stm32g4xx_hal_spi.o
#        F:\Harsha\Hashtic_Controller_V2\JHASHTICSourceCodeV1\EWARM\JHASHTICSourceCodeV1\Obj\STM32G4xx_HAL_Driver_577954748077118867.dir\stm32g4xx_hal_spi_ex.o
#        F:\Harsha\Hashtic_Controller_V2\JHASHTICSourceCodeV1\EWARM\JHASHTICSourceCodeV1\Obj\STM32G4xx_HAL_Driver_577954748077118867.dir\stm32g4xx_hal_tim.o
#        F:\Harsha\Hashtic_Controller_V2\JHASHTICSourceCodeV1\EWARM\JHASHTICSourceCodeV1\Obj\STM32G4xx_HAL_Driver_577954748077118867.dir\stm32g4xx_hal_tim_ex.o
#        F:\Harsha\Hashtic_Controller_V2\JHASHTICSourceCodeV1\EWARM\JHASHTICSourceCodeV1\Obj\STM32G4xx_HAL_Driver_577954748077118867.dir\stm32g4xx_hal_uart.o
#        F:\Harsha\Hashtic_Controller_V2\JHASHTICSourceCodeV1\EWARM\JHASHTICSourceCodeV1\Obj\STM32G4xx_HAL_Driver_577954748077118867.dir\stm32g4xx_hal_uart_ex.o
#        F:\Harsha\Hashtic_Controller_V2\JHASHTICSourceCodeV1\EWARM\JHASHTICSourceCodeV1\Obj\User_8454777428142420917.dir\stm32g4xx_it.o
#        F:\Harsha\Hashtic_Controller_V2\JHASHTICSourceCodeV1\EWARM\JHASHTICSourceCodeV1\Obj\STM32G4xx_HAL_Driver_577954748077118867.dir\stm32g4xx_ll_adc.o
#        F:\Harsha\Hashtic_Controller_V2\JHASHTICSourceCodeV1\EWARM\JHASHTICSourceCodeV1\Obj\STM32G4xx_HAL_Driver_577954748077118867.dir\stm32g4xx_ll_pwr.o
#        F:\Harsha\Hashtic_Controller_V2\JHASHTICSourceCodeV1\EWARM\JHASHTICSourceCodeV1\Obj\User_8454777428142420917.dir\stm32g4xx_mc_it.o
#        F:\Harsha\Hashtic_Controller_V2\JHASHTICSourceCodeV1\EWARM\JHASHTICSourceCodeV1\Obj\CMSIS_6603591812247902717.dir\system_stm32g4xx.o
#        F:\Harsha\Hashtic_Controller_V2\JHASHTICSourceCodeV1\EWARM\JHASHTICSourceCodeV1\Obj\TMCM_13913985769163509077.dir\TemperatureLogic.o
#        F:\Harsha\Hashtic_Controller_V2\JHASHTICSourceCodeV1\EWARM\JHASHTICSourceCodeV1\Obj\MotorControl_8024592486813348213.dir\ui_irq_handler.o
#        F:\Harsha\Hashtic_Controller_V2\JHASHTICSourceCodeV1\EWARM\JHASHTICSourceCodeV1\Obj\User_8454777428142420917.dir\ui_task.o
#        F:\Harsha\Hashtic_Controller_V2\JHASHTICSourceCodeV1\EWARM\JHASHTICSourceCodeV1\Obj\MotorControl_8024592486813348213.dir\usart_frame_communication_protocol.o
#        F:\Harsha\Hashtic_Controller_V2\JHASHTICSourceCodeV1\EWARM\JHASHTICSourceCodeV1\Obj\User_8454777428142420917.dir\user_interface.o
#        F:\Harsha\Hashtic_Controller_V2\JHASHTICSourceCodeV1\EWARM\JHASHTICSourceCodeV1\Obj\MotorControl_8024592486813348213.dir\virtual_speed_sensor.o
#        --redirect _Printf=_PrintfFull --redirect _Scanf=_ScanfFull
#        --no_out_extension -o
#        F:\Harsha\Hashtic_Controller_V2\JHASHTICSourceCodeV1\EWARM\JHASHTICSourceCodeV1\Exe\JHASHTICSourceCodeV1.out
#        --map
#        F:\Harsha\Hashtic_Controller_V2\JHASHTICSourceCodeV1\EWARM\JHASHTICSourceCodeV1\List\JHASHTICSourceCodeV1.map
#        --config
#        F:\Harsha\Hashtic_Controller_V2\JHASHTICSourceCodeV1\EWARM/stm32g474xx_flash.icf
#        --semihosting --entry __iar_program_start --vfe --text_out locale
#        --cpu=Cortex-M4 --fpu=VFPv4_sp) --dependencies=n
#        F:\Harsha\Hashtic_Controller_V2\JHASHTICSourceCodeV1\EWARM\JHASHTICSourceCodeV1\Exe\JHASHTICSourceCodeV1.out.iar_deps
#
###############################################################################

*******************************************************************************
*** RUNTIME MODEL ATTRIBUTES
***

CppFlavor       = *
__CPP_Runtime   = 1
__SystemLibrary = DLib
__dlib_version  = 6


*******************************************************************************
*** HEAP SELECTION
***

The basic heap was selected because no calls to memory allocation
functions were found in the application outside of system library
functions, there are calls to deallocation functions in the
application, and the application appears to be primarily
optimized for speed.


*******************************************************************************
*** PLACEMENT SUMMARY
***

"A0":  place at address 0x800'0000 { ro section .intvec };
"P1":  place in [from 0x800'0000 to 0x807'ffff] { ro };
define block CSTACK with size = 1K, alignment = 8 { };
define block HEAP with size = 512, alignment = 8 { };
"P2":  place in [from 0x2000'0000 to 0x2001'ffff] {
          rw, block CSTACK, block HEAP };
initialize by copy { rw };

  Section            Kind         Address  Aligment    Size  Object
  -------            ----         -------  --------    ----  ------
"A0":                                                 0x1d8
  .intvec            ro code   0x800'0000         4   0x1d8  startup_stm32g474xx.o [3]
                             - 0x800'01d8             0x1d8

"P1":                                                0xd9a1
  .text              ro code   0x800'01d8         4  0x1a0c  eeprom_emul.o [4]
  .text              ro code   0x800'1be4         4   0x116  flash_interface.o [4]
  .text              ro code   0x800'1cfa         2    0x7e  lz77_init_single.o [12]
  .text              ro code   0x800'1d78         4   0x16c  stm32g4xx_hal_flash.o [6]
  .text              ro code   0x800'1ee4         4   0x37c  stm32g4xx_hal_flash_ex.o [6]
  .text              ro code   0x800'2260         4     0xc  stm32g4xx_hal.o [6]
  .text              ro code   0x800'226c         4  0x10b0  main.o [8]
  .text              ro code   0x800'331c         4    0x1e  stm32g4xx_hal.o [6]
  .text              ro code   0x800'333a         2    0x26  usart_frame_communication_protocol.o [5]
  .text              ro code   0x800'3360         4    0x66  ABImemset.o [12]
  .text              ro code   0x800'33c6         2     0xa  dac_common_ui.o [5]
  .text              ro code   0x800'33d0         4   0x1e4  stm32g4xx_hal_gpio.o [6]
  .text              ro code   0x800'35b4         4    0xd4  stm32g4xx_hal_cortex.o [6]
  .text              ro code   0x800'3688         4   0x688  stm32g4xx_hal_adc.o [6]
  .text              ro code   0x800'3d10         4   0x600  stm32g4xx_hal_adc_ex.o [6]
  .text              ro code   0x800'4310         4    0x36  stm32g4xx_hal_cordic.o [6]
  .rodata            const     0x800'4346         2     0x6  usart_frame_communication_protocol.o [5]
  .text              ro code   0x800'434c         4   0x1d8  stm32g4xx_hal_dac.o [6]
  .text              ro code   0x800'4524         4   0x74c  stm32g4xx_hal_fdcan.o [6]
  .text              ro code   0x800'4c70         4   0x496  stm32g4xx_hal_spi.o [6]
  .rodata            const     0x800'5106         2     0x2  mc_tasks.o [8]
  .text              ro code   0x800'5108         4   0x964  stm32g4xx_hal_tim.o [6]
  .text              ro code   0x800'5a6c         4   0x218  stm32g4xx_hal_tim_ex.o [6]
  .text              ro code   0x800'5c84         4   0x4d8  stm32g4xx_hal_msp.o [8]
  .text              ro code   0x800'615c         4   0xd98  stm32g4xx_hal_uart.o [6]
  .text              ro code   0x800'6ef4         4   0x19c  stm32g4xx_hal_uart_ex.o [6]
  .text              ro code   0x800'7090         4    0x44  motorcontrol.o [8]
  .text              ro code   0x800'70d4         4    0x2c  stm32g4xx_hal.o [6]
  .text              ro code   0x800'7100         4     0xc  mc_api.o [8]
  .text              ro code   0x800'710c         4   0x544  FDCAN.o [7]
  .text              ro code   0x800'7650         4   0x158  TemperatureLogic.o [7]
  .text              ro code   0x800'77a8         2    0xde  motor_config.o [4]
  .text              ro code   0x800'7888         4    0x54  Configuration.o [7]
  .text              ro code   0x800'78dc         4    0xd6  EncoderFns.o [1]
  .text              ro code   0x800'79b2         2    0x66  EncFaults.o [7]
  .text              ro code   0x800'7a18         4    0xe4  StartSequence.o [7]
  .text              ro code   0x800'7afc         4     0xc  mc_api.o [8]
  .text              ro code   0x800'7b08         4    0x10  mc_api.o [8]
  .text              ro code   0x800'7b18         4     0xc  mc_api.o [8]
  .text              ro code   0x800'7b24         4    0xfc  StateMachine.o [7]
  .text              ro code   0x800'7c20         4    0x48  FltToDbl.o [11]
  .text              ro code   0x800'7c68         4    0x34  DblCmpGe.o [11]
  .text              ro code   0x800'7c9c         4    0xb2  ControlFns.o [7]
  .text              ro code   0x800'7d50         4    0x10  mc_api.o [8]
  .text              ro code   0x800'7d60         4    0xcc  stm32g4xx_hal_pwr_ex.o [6]
  .text              ro code   0x800'7e2c         4   0x6d4  stm32g4xx_hal_rcc.o [6]
  .text              ro code   0x800'8500         4   0x2c4  stm32g4xx_hal_rcc_ex.o [6]
  .text              ro code   0x800'87c4         4    0x48  stm32g4xx_hal.o [6]
  .text              ro code   0x800'880c         2     0x2  stm32g4xx_hal_cortex.o [6]
  .text              ro code   0x800'880e         2     0x2  stm32g4xx_hal_fdcan.o [6]
  .text              ro code   0x800'8810         2     0x2  stm32g4xx_hal_fdcan.o [6]
  .text              ro code   0x800'8812         2     0x2  stm32g4xx_hal_fdcan.o [6]
  .text              ro code   0x800'8814         2     0x2  stm32g4xx_hal_fdcan.o [6]
  .text              ro code   0x800'8816         2     0x2  stm32g4xx_hal_fdcan.o [6]
  .text              ro code   0x800'8818         2     0x2  stm32g4xx_hal_fdcan.o [6]
  .text              ro code   0x800'881a         2     0x2  stm32g4xx_hal_fdcan.o [6]
  .text              ro code   0x800'881c         2     0x2  stm32g4xx_hal_fdcan.o [6]
  .text              ro code   0x800'881e         2     0x2  stm32g4xx_hal_fdcan.o [6]
  .text              ro code   0x800'8820         2     0x2  stm32g4xx_hal_fdcan.o [6]
  .text              ro code   0x800'8822         2     0x2  stm32g4xx_hal_tim.o [6]
  .text              ro code   0x800'8824         2     0x2  stm32g4xx_hal_tim.o [6]
  .text              ro code   0x800'8826         2     0x2  stm32g4xx_hal_tim.o [6]
  .text              ro code   0x800'8828         2     0x2  stm32g4xx_hal_tim.o [6]
  .text              ro code   0x800'882a         2     0x2  stm32g4xx_hal_tim_ex.o [6]
  .text              ro code   0x800'882c         2     0x2  stm32g4xx_hal_tim_ex.o [6]
  .text              ro code   0x800'882e         2     0x2  stm32g4xx_hal_tim.o [6]
  .text              ro code   0x800'8830         2     0x2  stm32g4xx_hal_tim_ex.o [6]
  .text              ro code   0x800'8832         2     0x2  stm32g4xx_hal_tim_ex.o [6]
  .text              ro code   0x800'8834         2     0x2  stm32g4xx_hal_tim_ex.o [6]
  .text              ro code   0x800'8836         2     0x2  stm32g4xx_hal_tim_ex.o [6]
  .text              ro code   0x800'8838         2     0x2  stm32g4xx_hal_tim_ex.o [6]
  .text              ro code   0x800'883c         4   0x230  I64DivMod.o [12]
  .text              ro code   0x800'8a6c         4   0x1c0  mc_tasks.o [8]
  .text              ro code   0x800'8c2c         4   0x12c  mc_tasks.o [8]
  .text              ro code   0x800'8d58         4    0xd0  ui_task.o [8]
  .text              ro code   0x800'8e28         2     0x6  mc_interface.o [8]
  .text              ro code   0x800'8e2e         2    0x14  pid_regulator.o [5]
  .text              ro code   0x800'8e44         4   0x394  regular_conversion_manager.o [8]
  .text              ro code   0x800'91d8         4    0x1c  U32ToDbl.o [11]
  .text              ro code   0x800'91f4         4   0x1aa  DblMul.o [11]
  .text              ro code   0x800'93a0         4   0x24e  DblAddSub.o [11]
  .text              ro code   0x800'95f0         4    0x36  DblToS32.o [11]
  .text              ro code   0x800'9628         4   0x25c  AS5x47P.o [1]
  .text              ro code   0x800'9884         2     0x4  pid_regulator.o [5]
  .text              ro code   0x800'9888         2     0x4  pid_regulator.o [5]
  .text              ro code   0x800'988c         2     0x4  pid_regulator.o [5]
  .text              ro code   0x800'9890         2     0x4  pid_regulator.o [5]
  .text              ro code   0x800'9894         4     0xc  mc_api.o [8]
  .text              ro code   0x800'98a0         2     0x6  mc_interface.o [8]
  .text              ro code   0x800'98a6         2     0xe  mc_interface.o [8]
  .text              ro code   0x800'98b4         2    0x14  mc_interface.o [8]
  .text              ro code   0x800'98c8         2     0xc  bus_voltage_sensor.o [5]
  .text              ro code   0x800'98d4         4     0xc  mc_api.o [8]
  .text              ro code   0x800'98e0         4     0xc  mc_api.o [8]
  .text              ro code   0x800'98ec         4     0xc  mc_api.o [8]
  .text              ro code   0x800'98f8         4     0xc  mc_api.o [8]
  .text              ro code   0x800'9904         4     0xc  mc_api.o [8]
  .text              ro code   0x800'9910         4     0xc  mc_api.o [8]
  .text              ro code   0x800'991c         2    0x12  mc_interface.o [8]
  .text              ro code   0x800'9930         4     0x2  I64DivZer.o [12]
  .text              ro code   0x800'9932         2     0xa  state_machine.o [5]
  .text              ro code   0x800'993c         4   0x160  ics_g4xx_pwm_curr_fdbk.o [5]
  .text              ro code   0x800'9a9c         4    0x74  pwm_common.o [5]
  .text              ro code   0x800'9b10         4    0xc2  encoder_speed_pos_fdbk.o [5]
  .text              ro code   0x800'9bd2         2     0xe  enc_align_ctrl.o [5]
  .text              ro code   0x800'9be0         2    0x24  speed_torq_ctrl.o [5]
  .text              ro code   0x800'9c04         2     0x4  virtual_speed_sensor.o [5]
  .text              ro code   0x800'9c08         2    0x1a  r_divider_bus_voltage_sensor.o [5]
  .text              ro code   0x800'9c22         2    0x26  ntc_temperature_sensor.o [5]
  .text              ro code   0x800'9c48         2    0x10  ramp_ext_mngr.o [5]
  .text              ro code   0x800'9c58         4    0x70  mc_tasks.o [8]
  .text              ro code   0x800'9cc8         2    0x16  speed_torq_ctrl.o [5]
  .text              ro code   0x800'9cde         2    0x14  mc_interface.o [8]
  .text              ro code   0x800'9cf2         2     0x6  speed_torq_ctrl.o [5]
  .text              ro code   0x800'9cf8         2    0x1a  user_interface.o [8]
  .text              ro code   0x800'9d12         2     0xa  user_interface.o [8]
  .text              ro code   0x800'9d1c         2    0x14  user_interface.o [8]
  .text              ro code   0x800'9d30         2     0x4  usart_frame_communication_protocol.o [5]
  .text              ro code   0x800'9d34         4    0x48  motor_control_protocol.o [8]
  .text              ro code   0x800'9d7c         2    0x14  state_machine.o [5]
  .text              ro code   0x800'9d90         2     0x8  mc_interface.o [8]
  .text              ro code   0x800'9d98         2     0x4  state_machine.o [5]
  .text              ro code   0x800'9d9c         4    0xe0  state_machine.o [5]
  .text              ro code   0x800'9e7c         2    0x14  mc_interface.o [8]
  .text              ro code   0x800'9e90         2    0x10  mc_interface.o [8]
  .text              ro code   0x800'9ea0         2    0x10  mc_interface.o [8]
  .text              ro code   0x800'9eb0         2    0x2a  mc_interface.o [8]
  .text              ro code   0x800'9eda         2    0x2a  mc_interface.o [8]
  .text              ro code   0x800'9f04         2    0x10  mc_interface.o [8]
  .text              ro code   0x800'9f14         4   0x148  ics_g4xx_pwm_curr_fdbk.o [5]
  .text              ro code   0x800'a05c         2    0x2e  virtual_speed_sensor.o [5]
  .text              ro code   0x800'a08a         2    0x60  r_divider_bus_voltage_sensor.o [5]
  .text              ro code   0x800'a0ea         2     0x6  ntc_temperature_sensor.o [5]
  .text              ro code   0x800'a0f0         2    0x10  speed_torq_ctrl.o [5]
  .text              ro code   0x800'a100         2     0x4  pwm_curr_fdbk.o [5]
  .text              ro code   0x800'a104         2    0x2a  frame_communication_protocol.o [5]
  .text              ro code   0x800'a12e         2    0x16  frame_communication_protocol.o [5]
  .text              ro code   0x800'a144         2    0x1a  motor_control_protocol.o [8]
  .text              ro code   0x800'a15e         2    0x32  state_machine.o [5]
  .text              ro code   0x800'a190         2     0x4  speed_torq_ctrl.o [5]
  .text              ro code   0x800'a194         2     0x6  speed_pos_fdbk.o [5]
  .text              ro code   0x800'a19a         2     0xc  state_machine.o [5]
  .text              ro code   0x800'a1a8         4    0x3c  mc_math.o [8]
  .text              ro code   0x800'a1e4         4   0x5c0  motor_control_protocol.o [8]
  .text              ro code   0x800'a7a4         4   0x144  user_interface.o [8]
  .text              ro code   0x800'a8e8         4   0x440  user_interface.o [8]
  .text              ro code   0x800'ad28         2    0x10  user_interface.o [8]
  .text              ro code   0x800'ad38         4    0x92  user_interface.o [8]
  .text              ro code   0x800'adcc         4    0x34  user_interface.o [8]
  .text              ro code   0x800'ae00         2    0x14  user_interface.o [8]
  .text              ro code   0x800'ae14         2    0x50  user_interface.o [8]
  .text              ro code   0x800'ae64         2    0x3a  user_interface.o [8]
  .text              ro code   0x800'ae9e         2    0x1c  user_interface.o [8]
  .text              ro code   0x800'aeba         2     0x4  user_interface.o [8]
  .text              ro code   0x800'aec0         4     0x6  ABImemclr.o [12]
  .text              ro code   0x800'aec6         2    0x14  user_interface.o [8]
  .text              ro code   0x800'aeda         2     0x8  mc_interface.o [8]
  .text              ro code   0x800'aee2         2     0x6  mc_interface.o [8]
  .text              ro code   0x800'aee8         2     0xc  mc_interface.o [8]
  .text              ro code   0x800'aef4         2    0x1e  mc_interface.o [8]
  .text              ro code   0x800'af12         2     0x4  pid_regulator.o [5]
  .text              ro code   0x800'af16         2     0x4  pid_regulator.o [5]
  .text              ro code   0x800'af1a         2     0x4  pid_regulator.o [5]
  .text              ro code   0x800'af1e         2     0x8  mc_interface.o [8]
  .text              ro code   0x800'af26         2     0x6  user_interface.o [8]
  .text              ro code   0x800'af2c         2    0x26  ntc_temperature_sensor.o [5]
  .text              ro code   0x800'af52         2     0x4  mc_interface.o [8]
  .text              ro code   0x800'af56         2    0x10  mc_interface.o [8]
  .text              ro code   0x800'af66         2     0x4  pid_regulator.o [5]
  .text              ro code   0x800'af6a         2     0x6  pid_regulator.o [5]
  .text              ro code   0x800'af70         2     0x6  pid_regulator.o [5]
  .text              ro code   0x800'af76         2     0x6  pid_regulator.o [5]
  .text              ro code   0x800'af7c         2     0x6  motor_power_measurement.o [5]
  .text              ro code   0x800'af82         2     0x6  speed_pos_fdbk.o [5]
  .text              ro code   0x800'af88         2    0x14  speed_pos_fdbk.o [5]
  .text              ro code   0x800'af9c         2     0x4  speed_torq_ctrl.o [5]
  .text              ro code   0x800'afa0         2     0x6  speed_torq_ctrl.o [5]
  .text              ro code   0x800'afa6         2     0xc  mc_interface.o [8]
  .text              ro code   0x800'afb2         2     0x6  revup_ctrl.o [10]
  .text              ro code   0x800'afb8         2     0xc  mc_interface.o [8]
  .text              ro code   0x800'afc4         2     0xc  mc_interface.o [8]
  .text              ro code   0x800'afd0         2     0xe  mc_interface.o [8]
  .text              ro code   0x800'afde         2     0xe  mc_interface.o [8]
  .text              ro code   0x800'afec         2     0x6  mc_interface.o [8]
  .text              ro code   0x800'aff2         2     0x8  mc_interface.o [8]
  .text              ro code   0x800'affa         2     0xc  revup_ctrl.o [10]
  .text              ro code   0x800'b006         2     0xe  revup_ctrl.o [10]
  .text              ro code   0x800'b014         2     0xe  revup_ctrl.o [10]
  .text              ro code   0x800'b022         2     0xc  revup_ctrl.o [10]
  .text              ro code   0x800'b02e         2     0xc  revup_ctrl.o [10]
  .text              ro code   0x800'b03a         2     0xc  revup_ctrl.o [10]
  .text              ro code   0x800'b046         2     0xc  speed_torq_ctrl.o [5]
  .text              ro code   0x800'b052         2     0x8  speed_torq_ctrl.o [5]
  .rodata            const     0x800'b05c         4   0x57c  ControlFns.o [7]
  .text              ro code   0x800'b5d8         4   0x248  mc_tasks.o [8]
  .text              ro code   0x800'b820         2    0x32  encoder_speed_pos_fdbk.o [5]
  .text              ro code   0x800'b852         2     0x4  pwm_curr_fdbk.o [5]
  .text              ro code   0x800'b858         4    0x48  mc_math.o [8]
  .text              ro code   0x800'b8a0         4    0x68  mc_math.o [8]
  .text              ro code   0x800'b908         4    0x78  pid_regulator.o [5]
  .text              ro code   0x800'b980         4    0x9c  circle_limitation.o [5]
  .text              ro code   0x800'ba1c         2     0x6  speed_pos_fdbk.o [5]
  .text              ro code   0x800'ba22         2    0x3e  mc_math.o [8]
  .text              ro code   0x800'ba60         2   0x198  pwm_curr_fdbk.o [5]
  .text              ro code   0x800'bbf8         4    0x20  mc_math.o [8]
  .text              ro code   0x800'bc18         4   0x21c  mc_tasks.o [8]
  .text              ro code   0x800'be34         4   0x16a  encoder_speed_pos_fdbk.o [5]
  .text              ro code   0x800'bfa0         4    0x78  pqd_motor_power_measurement.o [5]
  .text              ro code   0x800'c018         2     0x4  enc_align_ctrl.o [5]
  .text              ro code   0x800'c01c         2     0x4  enc_align_ctrl.o [5]
  .text              ro code   0x800'c020         4    0x38  encoder_speed_pos_fdbk.o [5]
  .text              ro code   0x800'c058         2     0x4  enc_align_ctrl.o [5]
  .text              ro code   0x800'c05c         2    0x52  ics_g4xx_pwm_curr_fdbk.o [5]
  .text              ro code   0x800'c0b0         4     0xc  mc_tasks.o [8]
  .text              ro code   0x800'c0bc         4    0x14  mc_tasks.o [8]
  .text              ro code   0x800'c0d0         2    0x40  pwm_curr_fdbk.o [5]
  .text              ro code   0x800'c110         4    0x64  encoder_speed_pos_fdbk.o [5]
  .text              ro code   0x800'c174         2     0x4  speed_torq_ctrl.o [5]
  .text              ro code   0x800'c178         4    0x50  enc_align_ctrl.o [5]
  .text              ro code   0x800'c1c8         2    0x9c  ics_g4xx_pwm_curr_fdbk.o [5]
  .text              ro code   0x800'c264         2    0x36  enc_align_ctrl.o [5]
  .text              ro code   0x800'c29c         4    0x6c  speed_torq_ctrl.o [5]
  .text              ro code   0x800'c308         4    0x64  ics_g4xx_pwm_curr_fdbk.o [5]
  .text              ro code   0x800'c36c         2     0x8  speed_torq_ctrl.o [5]
  .text              ro code   0x800'c374         2     0x2  mc_tasks.o [8]
  .text              ro code   0x800'c378         4    0x2c  mc_tasks.o [8]
  .text              ro code   0x800'c3a4         2    0x10  speed_torq_ctrl.o [5]
  .text              ro code   0x800'c3b4         2    0x6e  mc_interface.o [8]
  .text              ro code   0x800'c422         2    0x18  motor_power_measurement.o [5]
  .text              ro code   0x800'c43c         4     0xc  mc_tasks.o [8]
  .text              ro code   0x800'c448         4    0x14  mc_tasks.o [8]
  .text              ro code   0x800'c45c         2    0x58  speed_pos_fdbk.o [5]
  .text              ro code   0x800'c4b4         4    0x5e  motor_power_measurement.o [5]
  .text              ro code   0x800'c514         4    0x84  virtual_speed_sensor.o [5]
  .text              ro code   0x800'c598         2     0xe  virtual_speed_sensor.o [5]
  .text              ro code   0x800'c5a8         4    0x9c  speed_torq_ctrl.o [5]
  .text              ro code   0x800'c644         2     0xc  speed_torq_ctrl.o [5]
  .text              ro code   0x800'c650         4   0x1d4  stm32g4xx_mc_it.o [8]
  .text              ro code   0x800'c824         4    0x2c  ui_task.o [8]
  .text              ro code   0x800'c850         4    0x28  ics_g4xx_pwm_curr_fdbk.o [5]
  .text              ro code   0x800'c878         2    0x1a  ics_g4xx_pwm_curr_fdbk.o [5]
  .text              ro code   0x800'c892         2    0x2e  ics_g4xx_pwm_curr_fdbk.o [5]
  .text              ro code   0x800'c8c0         4    0x4c  mc_tasks.o [8]
  .text              ro code   0x800'c90c         2     0xe  encoder_speed_pos_fdbk.o [5]
  .text              ro code   0x800'c91c         4    0xd4  usart_frame_communication_protocol.o [5]
  .text              ro code   0x800'c9f0         4     0xc  ui_task.o [8]
  .text              ro code   0x800'c9fc         4     0xc  ui_task.o [8]
  .text              ro code   0x800'ca08         2    0x64  usart_frame_communication_protocol.o [5]
  .text              ro code   0x800'ca6c         2    0x18  usart_frame_communication_protocol.o [5]
  .text              ro code   0x800'ca84         4    0x20  mc_tasks.o [8]
  .text              ro code   0x800'caa4         4    0x10  stm32g4xx_hal.o [6]
  .text              ro code   0x800'cab4         4    0x28  mc_tasks.o [8]
  .text              ro code   0x800'cadc         2    0x18  ui_task.o [8]
  .text              ro code   0x800'caf4         2    0x5a  frame_communication_protocol.o [5]
  .text              ro code   0x800'cb50         4    0x84  usart_frame_communication_protocol.o [5]
  .text              ro code   0x800'cbd4         4    0x24  mc_tasks.o [8]
  .text              ro code   0x800'cbf8         4    0x2c  ui_task.o [8]
  .text              ro code   0x800'cc24         4    0xb0  mc_tasks.o [8]
  .text              ro code   0x800'ccd4         2    0x38  ntc_temperature_sensor.o [5]
  .text              ro code   0x800'cd0c         2     0x4  pwm_curr_fdbk.o [5]
  .text              ro code   0x800'cd10         4    0xa0  r_divider_bus_voltage_sensor.o [5]
  .text              ro code   0x800'cdb0         2    0x1a  ntc_temperature_sensor.o [5]
  .text              ro code   0x800'cdca         2    0x1a  r_divider_bus_voltage_sensor.o [5]
  .text              ro code   0x800'cde4         4    0xec  ics_g4xx_pwm_curr_fdbk.o [5]
  .text              ro code   0x800'ced0         2    0x3e  pwm_common.o [5]
  .text              ro code   0x800'cf10         4    0x74  ics_g4xx_pwm_curr_fdbk.o [5]
  .text              ro code   0x800'cf84         4    0x54  dac_ui.o [8]
  .text              ro code   0x800'cfd8         4    0x40  stm32g4xx_it.o [8]
  .text              ro code   0x800'd018         2    0x38  zero_init3.o [12]
  .rodata            const     0x800'd050         4    0x2c  mc_parameters.o [8]
  .text              ro code   0x800'd07c         4    0x2c  system_stm32g4xx.o [2]
  .text              ro code   0x800'd0a8         4    0x2a  data_init.o [12]
  .text              ro code   0x800'd0d2         2    0x28  ics_g4xx_pwm_curr_fdbk.o [5]
  .text              ro code   0x800'd0fc         4    0x24  ics_g4xx_pwm_curr_fdbk.o [5]
  .text              ro code   0x800'd120         4    0x22  fpinit_M.o [11]
  .iar.init_table    const     0x800'd144         4    0x20  - Linker created -
  .rodata            const     0x800'd164         4    0x20  motorcontrol.o [8]
  .text              ro code   0x800'd184         4    0x1e  cmain.o [12]
  .text              ro code   0x800'd1a2         2     0x4  low_level_init.o [9]
  .text              ro code   0x800'd1a6         2     0x4  exit.o [9]
  .text              ro code   0x800'd1ac         4     0xa  cexit.o [12]
  .text              ro code   0x800'd1b8         4    0x14  exit.o [13]
  .text              ro code   0x800'd1cc         4    0x1c  cstartup_M.o [12]
  .text              ro code   0x800'd1e8         4    0x18  dac_ui.o [8]
  .text              ro code   0x800'd200         4    0x10  startup_stm32g474xx.o [3]
  .rodata            const     0x800'd210         4     0x8  system_stm32g4xx.o [2]
  .text              ro code   0x800'd218         2     0x8  dac_common_ui.o [5]
  .text              ro code   0x800'd220         2     0x8  dac_common_ui.o [5]
  .text              ro code   0x800'd228         2     0x8  dac_common_ui.o [5]
  .text              ro code   0x800'd230         2     0x8  usart_frame_communication_protocol.o [5]
  .text              ro code   0x800'd238         2     0x4  motor_control_protocol.o [8]
  .text              ro code   0x800'd23c         2     0x4  motor_control_protocol.o [8]
  .text              ro code   0x800'd240         2     0x4  startup_stm32g474xx.o [3]
  .text              ro code   0x800'd244         2     0x4  startup_stm32g474xx.o [3]
  .text              ro code   0x800'd248         2     0x4  startup_stm32g474xx.o [3]
  .text              ro code   0x800'd24c         2     0x4  startup_stm32g474xx.o [3]
  .text              ro code   0x800'd250         2     0x4  startup_stm32g474xx.o [3]
  .text              ro code   0x800'd254         2     0x4  startup_stm32g474xx.o [3]
  .text              ro code   0x800'd258         2     0x4  startup_stm32g474xx.o [3]
  .text              ro code   0x800'd25c         2     0x4  startup_stm32g474xx.o [3]
  .text              ro code   0x800'd260         2     0x4  startup_stm32g474xx.o [3]
  .text              ro code   0x800'd264         2     0x4  startup_stm32g474xx.o [3]
  .text              ro code   0x800'd268         2     0x4  startup_stm32g474xx.o [3]
  .text              ro code   0x800'd26c         2     0x4  startup_stm32g474xx.o [3]
  .text              ro code   0x800'd270         2     0x4  startup_stm32g474xx.o [3]
  .text              ro code   0x800'd274         2     0x4  startup_stm32g474xx.o [3]
  .text              ro code   0x800'd278         2     0x4  startup_stm32g474xx.o [3]
  .text              ro code   0x800'd27c         2     0x4  startup_stm32g474xx.o [3]
  .text              ro code   0x800'd280         2     0x4  startup_stm32g474xx.o [3]
  .text              ro code   0x800'd284         2     0x4  startup_stm32g474xx.o [3]
  .text              ro code   0x800'd288         2     0x4  startup_stm32g474xx.o [3]
  .text              ro code   0x800'd28c         2     0x4  startup_stm32g474xx.o [3]
  .text              ro code   0x800'd290         2     0x4  startup_stm32g474xx.o [3]
  .text              ro code   0x800'd294         2     0x4  startup_stm32g474xx.o [3]
  .text              ro code   0x800'd298         2     0x4  startup_stm32g474xx.o [3]
  .text              ro code   0x800'd29c         2     0x4  startup_stm32g474xx.o [3]
  .text              ro code   0x800'd2a0         2     0x4  startup_stm32g474xx.o [3]
  .text              ro code   0x800'd2a4         2     0x4  startup_stm32g474xx.o [3]
  .text              ro code   0x800'd2a8         2     0x4  startup_stm32g474xx.o [3]
  .text              ro code   0x800'd2ac         2     0x4  startup_stm32g474xx.o [3]
  .text              ro code   0x800'd2b0         2     0x4  startup_stm32g474xx.o [3]
  .text              ro code   0x800'd2b4         2     0x4  startup_stm32g474xx.o [3]
  .text              ro code   0x800'd2b8         2     0x4  startup_stm32g474xx.o [3]
  .text              ro code   0x800'd2bc         2     0x4  startup_stm32g474xx.o [3]
  .text              ro code   0x800'd2c0         2     0x4  startup_stm32g474xx.o [3]
  .text              ro code   0x800'd2c4         2     0x4  startup_stm32g474xx.o [3]
  .text              ro code   0x800'd2c8         2     0x4  startup_stm32g474xx.o [3]
  .text              ro code   0x800'd2cc         2     0x4  startup_stm32g474xx.o [3]
  .text              ro code   0x800'd2d0         2     0x4  startup_stm32g474xx.o [3]
  .text              ro code   0x800'd2d4         2     0x4  startup_stm32g474xx.o [3]
  .text              ro code   0x800'd2d8         2     0x4  startup_stm32g474xx.o [3]
  .text              ro code   0x800'd2dc         2     0x4  startup_stm32g474xx.o [3]
  .text              ro code   0x800'd2e0         2     0x4  startup_stm32g474xx.o [3]
  .text              ro code   0x800'd2e4         2     0x4  startup_stm32g474xx.o [3]
  .text              ro code   0x800'd2e8         2     0x4  startup_stm32g474xx.o [3]
  .text              ro code   0x800'd2ec         2     0x4  startup_stm32g474xx.o [3]
  .text              ro code   0x800'd2f0         2     0x4  startup_stm32g474xx.o [3]
  .text              ro code   0x800'd2f4         2     0x4  startup_stm32g474xx.o [3]
  .text              ro code   0x800'd2f8         2     0x4  startup_stm32g474xx.o [3]
  .text              ro code   0x800'd2fc         2     0x4  startup_stm32g474xx.o [3]
  .text              ro code   0x800'd300         2     0x4  startup_stm32g474xx.o [3]
  .text              ro code   0x800'd304         2     0x4  startup_stm32g474xx.o [3]
  .text              ro code   0x800'd308         2     0x4  startup_stm32g474xx.o [3]
  .text              ro code   0x800'd30c         2     0x4  startup_stm32g474xx.o [3]
  .text              ro code   0x800'd310         2     0x4  startup_stm32g474xx.o [3]
  .text              ro code   0x800'd314         2     0x4  startup_stm32g474xx.o [3]
  .text              ro code   0x800'd318         2     0x4  startup_stm32g474xx.o [3]
  .text              ro code   0x800'd31c         2     0x4  startup_stm32g474xx.o [3]
  .text              ro code   0x800'd320         2     0x4  startup_stm32g474xx.o [3]
  .text              ro code   0x800'd324         2     0x4  startup_stm32g474xx.o [3]
  .text              ro code   0x800'd328         2     0x4  startup_stm32g474xx.o [3]
  .text              ro code   0x800'd32c         2     0x4  startup_stm32g474xx.o [3]
  .text              ro code   0x800'd330         2     0x4  startup_stm32g474xx.o [3]
  .text              ro code   0x800'd334         2     0x4  startup_stm32g474xx.o [3]
  .text              ro code   0x800'd338         2     0x4  startup_stm32g474xx.o [3]
  .text              ro code   0x800'd33c         2     0x4  startup_stm32g474xx.o [3]
  .text              ro code   0x800'd340         2     0x4  startup_stm32g474xx.o [3]
  .text              ro code   0x800'd344         2     0x4  startup_stm32g474xx.o [3]
  .text              ro code   0x800'd348         2     0x4  startup_stm32g474xx.o [3]
  .text              ro code   0x800'd34c         2     0x4  startup_stm32g474xx.o [3]
  .text              ro code   0x800'd350         2     0x4  startup_stm32g474xx.o [3]
  .text              ro code   0x800'd354         2     0x4  startup_stm32g474xx.o [3]
  .text              ro code   0x800'd358         2     0x4  startup_stm32g474xx.o [3]
  .text              ro code   0x800'd35c         2     0x4  startup_stm32g474xx.o [3]
  .text              ro code   0x800'd360         2     0x4  startup_stm32g474xx.o [3]
  .text              ro code   0x800'd364         2     0x4  startup_stm32g474xx.o [3]
  .text              ro code   0x800'd368         2     0x4  startup_stm32g474xx.o [3]
  .text              ro code   0x800'd36c         2     0x4  startup_stm32g474xx.o [3]
  .text              ro code   0x800'd370         2     0x4  startup_stm32g474xx.o [3]
  .text              ro code   0x800'd374         2     0x4  startup_stm32g474xx.o [3]
  .text              ro code   0x800'd378         2     0x4  startup_stm32g474xx.o [3]
  .text              ro code   0x800'd37c         2     0x4  startup_stm32g474xx.o [3]
  .text              ro code   0x800'd380         2     0x4  startup_stm32g474xx.o [3]
  .text              ro code   0x800'd384         2     0x4  startup_stm32g474xx.o [3]
  .text              ro code   0x800'd388         2     0x4  startup_stm32g474xx.o [3]
  .text              ro code   0x800'd38c         2     0x4  startup_stm32g474xx.o [3]
  .text              ro code   0x800'd390         2     0x4  startup_stm32g474xx.o [3]
  .text              ro code   0x800'd394         2     0x4  startup_stm32g474xx.o [3]
  .text              ro code   0x800'd398         2     0x4  startup_stm32g474xx.o [3]
  .text              ro code   0x800'd39c         2     0x4  startup_stm32g474xx.o [3]
  .text              ro code   0x800'd3a0         2     0x4  startup_stm32g474xx.o [3]
  .text              ro code   0x800'd3a4         2     0x4  startup_stm32g474xx.o [3]
  .text              ro code   0x800'd3a8         2     0x4  startup_stm32g474xx.o [3]
  .text              ro code   0x800'd3ac         2     0x4  startup_stm32g474xx.o [3]
  .text              ro code   0x800'd3b0         2     0x4  startup_stm32g474xx.o [3]
  .text              ro code   0x800'd3b4         2     0x4  startup_stm32g474xx.o [3]
  .text              ro code   0x800'd3b8         2     0x4  startup_stm32g474xx.o [3]
  .text              ro code   0x800'd3bc         2     0x4  startup_stm32g474xx.o [3]
  .text              ro code   0x800'd3c0         2     0x4  startup_stm32g474xx.o [3]
  .rodata            const     0x800'd3c4               0x0  zero_init3.o [12]
  .rodata            const     0x800'd3c4               0x0  lz77_init_single.o [12]
  Initializer bytes  const     0x800'd3c4             0x7b5  <for P2-1>
                             - 0x800'db79            0xd9a1

"P2", part 1 of 3:                                    0xd27
  P2-1                        0x2000'0000             0xd27  <Init block>
    .data            inited   0x2000'0000         4     0xc  eeprom_emul.o [4]
    .data            inited   0x2000'000c         4   0x114  mc_config.o [8]
    .data            inited   0x2000'0120         4    0x2c  mc_config.o [8]
    .data            inited   0x2000'014c         4    0x2c  mc_config.o [8]
    .data            inited   0x2000'0178         4    0x2c  mc_config.o [8]
    .data            inited   0x2000'01a4         4    0x34  mc_config.o [8]
    .data            inited   0x2000'01d8         4    0x70  mc_config.o [8]
    .data            inited   0x2000'0248         4    0x38  mc_config.o [8]
    .data            inited   0x2000'0280         4    0x7c  mc_config.o [8]
    .data            inited   0x2000'02fc         4    0x1c  mc_config.o [8]
    .data            inited   0x2000'0318         4    0x28  mc_config.o [8]
    .data            inited   0x2000'0340         4    0x28  mc_config.o [8]
    .data            inited   0x2000'0368         4    0x30  mc_config.o [8]
    .data            inited   0x2000'0398         4    0x3c  mc_config.o [8]
    .data            inited   0x2000'03d4         4    0x18  mc_config.o [8]
    .data            inited   0x2000'03ec         4    0xb4  mc_config.o [8]
    .data            inited   0x2000'04a0         4   0x13c  mc_config.o [8]
    .data            inited   0x2000'05dc         4     0xc  motorcontrol.o [8]
    .data            inited   0x2000'05e8         4     0xc  stm32g4xx_hal.o [6]
    .data            inited   0x2000'05f4         4    0x20  stm32g4xx_hal_flash.o [6]
    .data            inited   0x2000'0614         4     0x4  system_stm32g4xx.o [2]
    .data            inited   0x2000'0618         4   0x708  TemperatureLogic.o [7]
    .data            inited   0x2000'0d20         2     0x6  ui_task.o [8]
    .data            inited   0x2000'0d26               0x1  stm32g4xx_mc_it.o [8]
                            - 0x2000'0d27             0xd27

"P2", part 2 of 3:                                    0x74c
  .bss               zero     0x2000'0d28         4   0x468  main.o [8]
  .bss               zero     0x2000'1190         4    0xec  mc_tasks.o [8]
  .bss               zero     0x2000'127c         4    0xd4  ui_task.o [8]
  .bss               zero     0x2000'1350         4    0x50  regular_conversion_manager.o [8]
  .bss               zero     0x2000'13a0         4    0x38  FDCAN.o [7]
  .bss               zero     0x2000'13d8         4    0x30  main.o [8]
  .bss               zero     0x2000'1408         4    0x18  FDCAN.o [7]
  .bss               zero     0x2000'1420         2    0x10  AS5x47P.o [1]
  .bss               zero     0x2000'1430         4     0xc  main.o [8]
  .bss               zero     0x2000'143c         4     0xc  mc_config.o [8]
  .bss               zero     0x2000'1448         4     0x8  circle_limitation.o [5]
  .bss               zero     0x2000'1450         4     0x8  main.o [8]
  .bss               zero     0x2000'1458         4     0x8  motor_control_protocol.o [8]
  .bss               zero     0x2000'1460         2     0x4  speed_torq_ctrl.o [5]
  .bss               zero     0x2000'1464         4     0x4  stm32g4xx_hal_msp.o [8]
  .bss               zero     0x2000'1468         2     0x2  EncoderFns.o [1]
  .bss               zero     0x2000'146a               0x2  EncoderFns.o [1]
  .bss               zero     0x2000'146c         2     0x2  EncoderFns.o [1]
  .bss               zero     0x2000'146e         2     0x2  EncoderFns.o [1]
  .bss               zero     0x2000'1470         2     0x2  main.o [8]
                            - 0x2000'1472             0x74a

"P2", part 3 of 3:                                    0x400
  CSTACK                      0x2000'1478         8   0x400  <Block>
    CSTACK           uninit   0x2000'1478             0x400  <Block tail>
                            - 0x2000'1878             0x400

Unused ranges:

         From           To      Size
         ----           --      ----
   0x800'db79   0x807'ffff  0x7'2487
  0x2000'0d27  0x2000'0d27       0x1
  0x2000'1474  0x2000'1477       0x4
  0x2000'1878  0x2001'ffff  0x1'e788


*******************************************************************************
*** INIT TABLE
***

          Address      Size
          -------      ----
Zero (__iar_zero_init3)
    1 destination range, total size 0x74a:
          0x2000'0d28  0x74a

Copy/lz77 (__iar_lz77_init_single3)
    1 source range, total size 0x7b5 (58% of destination):
           0x800'd3c4  0x7b5
    1 destination range, total size 0xd27:
          0x2000'0000  0xd27



*******************************************************************************
*** MODULE SUMMARY
***

    Module                                ro code  ro data  rw data
    ------                                -------  -------  -------
command line/config:
    ---------------------------------------------------------------
    Total:

F:\Harsha\Hashtic_Controller_V2\JHASHTICSourceCodeV1\EWARM\JHASHTICSourceCodeV1\Obj\AS5x47P_10707280842051142451.dir: [1]
    AS5x47P.o                                 604                16
    EncoderFns.o                              214                 8
    ---------------------------------------------------------------
    Total:                                    818                24

F:\Harsha\Hashtic_Controller_V2\JHASHTICSourceCodeV1\EWARM\JHASHTICSourceCodeV1\Obj\CMSIS_6603591812247902717.dir: [2]
    system_stm32g4xx.o                         44       11        4
    ---------------------------------------------------------------
    Total:                                     44       11        4

F:\Harsha\Hashtic_Controller_V2\JHASHTICSourceCodeV1\EWARM\JHASHTICSourceCodeV1\Obj\EWARM_18443280873093131863.dir: [3]
    startup_stm32g474xx.o                     876
    ---------------------------------------------------------------
    Total:                                    876

F:\Harsha\Hashtic_Controller_V2\JHASHTICSourceCodeV1\EWARM\JHASHTICSourceCodeV1\Obj\EmulatedEeprom_4132558620250689270.dir: [4]
    eeprom_emul.o                           6'668        7       12
    flash_interface.o                         278
    motor_config.o                            222
    ---------------------------------------------------------------
    Total:                                  7'168        7       12

F:\Harsha\Hashtic_Controller_V2\JHASHTICSourceCodeV1\EWARM\JHASHTICSourceCodeV1\Obj\MotorControl_8024592486813348213.dir: [5]
    bus_voltage_sensor.o                       12
    circle_limitation.o                       156                 8
    dac_common_ui.o                            34
    enc_align_ctrl.o                          160
    encoder_speed_pos_fdbk.o                  776
    frame_communication_protocol.o            154
    ics_g4xx_pwm_curr_fdbk.o                1'558
    motor_power_measurement.o                 124
    ntc_temperature_sensor.o                  164
    pid_regulator.o                           190
    pqd_motor_power_measurement.o             120
    pwm_common.o                              178
    pwm_curr_fdbk.o                           484
    r_divider_bus_voltage_sensor.o            308
    ramp_ext_mngr.o                            16
    speed_pos_fdbk.o                          126
    speed_torq_ctrl.o                         418                 4
    state_machine.o                           320
    usart_frame_communication_protocol.o      518        6
    virtual_speed_sensor.o                    196
    ---------------------------------------------------------------
    Total:                                  6'012        6       12

F:\Harsha\Hashtic_Controller_V2\JHASHTICSourceCodeV1\EWARM\JHASHTICSourceCodeV1\Obj\STM32G4xx_HAL_Driver_577954748077118867.dir: [6]
    stm32g4xx_hal.o                           174        7       12
    stm32g4xx_hal_adc.o                     1'672
    stm32g4xx_hal_adc_ex.o                  1'536
    stm32g4xx_hal_cordic.o                     54
    stm32g4xx_hal_cortex.o                    214
    stm32g4xx_hal_dac.o                       472
    stm32g4xx_hal_fdcan.o                   1'888
    stm32g4xx_hal_flash.o                     364       18       32
    stm32g4xx_hal_flash_ex.o                  892
    stm32g4xx_hal_gpio.o                      484
    stm32g4xx_hal_pwr_ex.o                    204
    stm32g4xx_hal_rcc.o                     1'748
    stm32g4xx_hal_rcc_ex.o                    708
    stm32g4xx_hal_spi.o                     1'174
    stm32g4xx_hal_tim.o                     2'414
    stm32g4xx_hal_tim_ex.o                    550
    stm32g4xx_hal_uart.o                    3'480
    stm32g4xx_hal_uart_ex.o                   412
    ---------------------------------------------------------------
    Total:                                 18'440       25       44

F:\Harsha\Hashtic_Controller_V2\JHASHTICSourceCodeV1\EWARM\JHASHTICSourceCodeV1\Obj\TMCM_13913985769163509077.dir: [7]
    Configuration.o                            84
    ControlFns.o                              178    1'404
    EncFaults.o                               102
    FDCAN.o                                 1'348                80
    StartSequence.o                           228
    StateMachine.o                            252
    TemperatureLogic.o                        344    1'054    1'800
    ---------------------------------------------------------------
    Total:                                  2'536    2'458    1'880

F:\Harsha\Hashtic_Controller_V2\JHASHTICSourceCodeV1\EWARM\JHASHTICSourceCodeV1\Obj\User_8454777428142420917.dir: [8]
    dac_ui.o                                  108
    main.o                                  4'272             1'198
    mc_api.o                                  152
    mc_config.o                                        871    1'500
    mc_interface.o                            516
    mc_math.o                                 330
    mc_parameters.o                                     44
    mc_tasks.o                              2'454        2      236
    motor_control_protocol.o                1'578                 8
    motorcontrol.o                             68       40       12
    regular_conversion_manager.o              916                80
    stm32g4xx_hal_msp.o                     1'240                 4
    stm32g4xx_it.o                             64
    stm32g4xx_mc_it.o                         468        1        1
    ui_task.o                                 344        4      218
    user_interface.o                        1'898
    ---------------------------------------------------------------
    Total:                                 14'408      962    3'257

dl7M_tlf.a: [9]
    exit.o                                      4
    low_level_init.o                            4
    ---------------------------------------------------------------
    Total:                                      8

libmc-iar_M4.a: [10]
    revup_ctrl.o                               82
    ---------------------------------------------------------------
    Total:                                     82

m7M_tls.a: [11]
    DblAddSub.o                               590
    DblCmpGe.o                                 52
    DblMul.o                                  426
    DblToS32.o                                 54
    FltToDbl.o                                 72
    U32ToDbl.o                                 28
    fpinit_M.o                                 34
    ---------------------------------------------------------------
    Total:                                  1'256

rt7M_tl.a: [12]
    ABImemclr.o                                 6
    ABImemset.o                               102
    I64DivMod.o                               560
    I64DivZer.o                                 2
    cexit.o                                    10
    cmain.o                                    30
    cstartup_M.o                               28
    data_init.o                                42
    lz77_init_single.o                        126
    zero_init3.o                               56
    ---------------------------------------------------------------
    Total:                                    962

shb_l.a: [13]
    exit.o                                     20
    ---------------------------------------------------------------
    Total:                                     20

    Gaps                                       50        4
    Linker created                                      32    1'024
-------------------------------------------------------------------
    Grand Total:                           52'680    3'505    6'257


*******************************************************************************
*** ENTRY LIST
***

Entry                       Address   Size  Type      Object
-----                       -------   ----  ----      ------
.iar.init_table$$Base    0x800'd144          --   Gb  - Linker created -
.iar.init_table$$Limit   0x800'd164          --   Gb  - Linker created -
?main                    0x800'd185         Code  ??  cmain.o [12]
ABI_elAngle             0x2000'1164    0x4  Data  ??  main.o [8]
ADC1_2_IRQHandler        0x800'c651   0x1a  Code  ??  stm32g4xx_mc_it.o [8]
ADC3_IRQHandler          0x800'd2f9         Code  Wk  startup_stm32g474xx.o [3]
ADC4_IRQHandler          0x800'd32d         Code  Wk  startup_stm32g474xx.o [3]
ADC5_IRQHandler          0x800'd331         Code  Wk  startup_stm32g474xx.o [3]
AHBPrescTable            0x800'd098   0x10  Data  ??  system_stm32g4xx.o [2]
APBPrescTable            0x800'd210    0x8  Data  ??  system_stm32g4xx.o [2]
AS5047_ReadZeroValue     0x800'9809   0x1e  Code  ??  AS5x47P.o [1]
AS5047_SPI_Read          0x800'9733   0x84  Code  ??  AS5x47P.o [1]
AS5047_SPI_Write         0x800'9651   0xe2  Code  ??  AS5x47P.o [1]
AS5047_WriteZeroValue    0x800'9827   0x4e  Code  ??  AS5x47P.o [1]
AS5047_readRegister      0x800'97b7   0x24  Code  ??  AS5x47P.o [1]
AS5047_writeRegister     0x800'97db   0x2e  Code  ??  AS5x47P.o [1]
AddressRead             0x2000'0008    0x4  Data  ??  eeprom_emul.o [4]
BackEMFInVolts          0x2000'124c    0x4  Data  ??  mc_tasks.o [8]
BusFault_Handler         0x800'd249         Code  Wk  startup_stm32g474xx.o [3]
CELCIUS_LUT             0x2000'0ac8  0x258  Data  ??  TemperatureLogic.o [7]
COMP1_2_3_IRQHandler     0x800'd339         Code  Wk  startup_stm32g474xx.o [3]
COMP4_5_6_IRQHandler     0x800'd33d         Code  Wk  startup_stm32g474xx.o [3]
COMP7_IRQHandler         0x800'd341         Code  Wk  startup_stm32g474xx.o [3]
CONTINOUS_RPMS           0x800'b05c  0x57c  Data  ??  ControlFns.o [7]
CORDIC_IRQHandler        0x800'd3bd         Code  Wk  startup_stm32g474xx.o [3]
CRS_IRQHandler           0x800'd365         Code  Wk  startup_stm32g474xx.o [3]
CSTACK$$Base            0x2000'1478          --   Gb  - Linker created -
CSTACK$$Limit           0x2000'1878          --   ??  - Linker created -
CheckEEConfigValues      0x800'780f   0x78  Code  ??  motor_config.o [4]
CheckPodState            0x800'7b25   0x4c  Code  ??  StateMachine.o [7]
CircleLimitationM1      0x2000'03ec   0xb4  Data  ??  mc_config.o [8]
CircleLimitationState   0x2000'1106    0x1  Data  ??  main.o [8]
Circle_Limitation_New    0x800'b981   0x9c  Code  Wk  circle_limitation.o [5]
CleanupPhase            0x2000'0001    0x1  Data  ??  eeprom_emul.o [4]
ConfigureCrc             0x800'1ba1   0x2c  Code  ??  eeprom_emul.o [4]
DAC_Exec                 0x800'cf85   0x54  Code  Wk  dac_ui.o [8]
DAC_GetChannelConfig     0x800'd221    0x8  Code  Wk  dac_common_ui.o [5]
DAC_GetUserChannelValue
                         0x800'33c7    0xa  Code  Wk  dac_common_ui.o [5]
DAC_Init                 0x800'd1e9   0x18  Code  Wk  dac_ui.o [8]
DAC_SetChannelConfig     0x800'd219    0x8  Code  Wk  dac_common_ui.o [5]
DAC_SetUserChannelValue
                         0x800'd229    0x8  Code  Wk  dac_common_ui.o [5]
DAC_UI_Params           0x2000'0398   0x3c  Data  ??  mc_config.o [8]
DLCtoBytes               0x800'4c60   0x10  Data  Lc  stm32g4xx_hal_fdcan.o [6]
DMA1_Channel1_IRQHandler
                         0x800'd289         Code  Wk  startup_stm32g474xx.o [3]
DMA1_Channel2_IRQHandler
                         0x800'd28d         Code  Wk  startup_stm32g474xx.o [3]
DMA1_Channel3_IRQHandler
                         0x800'd291         Code  Wk  startup_stm32g474xx.o [3]
DMA1_Channel4_IRQHandler
                         0x800'd295         Code  Wk  startup_stm32g474xx.o [3]
DMA1_Channel5_IRQHandler
                         0x800'd299         Code  Wk  startup_stm32g474xx.o [3]
DMA1_Channel6_IRQHandler
                         0x800'd29d         Code  Wk  startup_stm32g474xx.o [3]
DMA1_Channel7_IRQHandler
                         0x800'd2a1         Code  Wk  startup_stm32g474xx.o [3]
DMA1_Channel8_IRQHandler
                         0x800'd3ad         Code  Wk  startup_stm32g474xx.o [3]
DMA2_Channel1_IRQHandler
                         0x800'd319         Code  Wk  startup_stm32g474xx.o [3]
DMA2_Channel2_IRQHandler
                         0x800'd31d         Code  Wk  startup_stm32g474xx.o [3]
DMA2_Channel3_IRQHandler
                         0x800'd321         Code  Wk  startup_stm32g474xx.o [3]
DMA2_Channel4_IRQHandler
                         0x800'd325         Code  Wk  startup_stm32g474xx.o [3]
DMA2_Channel5_IRQHandler
                         0x800'd329         Code  Wk  startup_stm32g474xx.o [3]
DMA2_Channel6_IRQHandler
                         0x800'd3b1         Code  Wk  startup_stm32g474xx.o [3]
DMA2_Channel7_IRQHandler
                         0x800'd3b5         Code  Wk  startup_stm32g474xx.o [3]
DMA2_Channel8_IRQHandler
                         0x800'd3b9         Code  Wk  startup_stm32g474xx.o [3]
DMAMUX_OVR_IRQHandler    0x800'd3a5         Code  Wk  startup_stm32g474xx.o [3]
DebugMon_Handler         0x800'd255         Code  Wk  startup_stm32g474xx.o [3]
DisableEncoderFltChking
                         0x800'79d3    0x8  Code  ??  EncFaults.o [7]
EAC_Exec                 0x800'c265   0x36  Code  Wk  enc_align_ctrl.o [5]
EAC_GetRestartState      0x800'c019    0x4  Code  Wk  enc_align_ctrl.o [5]
EAC_Init                 0x800'9bd3    0xe  Code  Wk  enc_align_ctrl.o [5]
EAC_IsAligned            0x800'c059    0x4  Code  Wk  enc_align_ctrl.o [5]
EAC_SetRestartState      0x800'c01d    0x4  Code  Wk  enc_align_ctrl.o [5]
EAC_StartAlignment       0x800'c179   0x50  Code  Wk  enc_align_ctrl.o [5]
EE_CleanUp               0x800'0fbd  0x12e  Code  ??  eeprom_emul.o [4]
EE_Format                0x800'0e51  0x142  Code  ??  eeprom_emul.o [4]
EE_Init                  0x800'01d9  0xc70  Code  ??  eeprom_emul.o [4]
EE_ReadVariable32bits    0x800'0f93   0x2a  Code  ??  eeprom_emul.o [4]
ENCODER_M1              0x2000'0280   0x7c  Data  ??  mc_config.o [8]
ENC_CalcAngle            0x800'b821   0x32  Code  Wk  encoder_speed_pos_fdbk.o [5]
ENC_CalcAvrgMecSpeedUnit
                         0x800'be35  0x16a  Code  Wk  encoder_speed_pos_fdbk.o [5]
ENC_Clear                0x800'c111   0x64  Code  Wk  encoder_speed_pos_fdbk.o [5]
ENC_IRQHandler           0x800'c90d    0xe  Code  Wk  encoder_speed_pos_fdbk.o [5]
ENC_Init                 0x800'9b11   0xc2  Code  Wk  encoder_speed_pos_fdbk.o [5]
ENC_SetMecAngle          0x800'c021   0x38  Code  Wk  encoder_speed_pos_fdbk.o [5]
ENC_getRawReadingFromSPI
                         0x800'7975   0x26  Code  ??  EncoderFns.o [1]
ENC_makeRaw_mechS16      0x800'79ad    0x6  Code  ??  EncoderFns.o [1]
EXTI0_IRQHandler         0x800'd275         Code  Wk  startup_stm32g474xx.o [3]
EXTI15_10_IRQHandler     0x800'c7f5   0x14  Code  ??  stm32g4xx_mc_it.o [8]
EXTI1_IRQHandler         0x800'd279         Code  Wk  startup_stm32g474xx.o [3]
EXTI2_IRQHandler         0x800'd27d         Code  Wk  startup_stm32g474xx.o [3]
EXTI3_IRQHandler         0x800'd281         Code  Wk  startup_stm32g474xx.o [3]
EXTI4_IRQHandler         0x800'd285         Code  Wk  startup_stm32g474xx.o [3]
EXTI9_5_IRQHandler       0x800'cfd9    0x6  Code  ??  stm32g4xx_it.o [8]
EnableEncoderFltChking   0x800'79db    0xa  Code  ??  EncFaults.o [7]
EncAlignCtrlM1          0x2000'02fc   0x1c  Data  ??  mc_config.o [8]
ExecStartSeq             0x800'7a35   0xc0  Code  ??  StartSequence.o [7]
FCP_CalcCRC              0x800'caf5   0x5a  Code  Wk  frame_communication_protocol.o [5]
FCP_Init                 0x800'a105   0x2a  Code  Wk  frame_communication_protocol.o [5]
FCP_SetClient            0x800'a12f   0x16  Code  Wk  frame_communication_protocol.o [5]
FDCAN1_IT0_IRQHandler    0x800'd2ad         Code  Wk  startup_stm32g474xx.o [3]
FDCAN1_IT1_IRQHandler    0x800'd2b1         Code  Wk  startup_stm32g474xx.o [3]
FDCAN2_IT0_IRQHandler    0x800'cffb    0x6  Code  ??  stm32g4xx_it.o [8]
FDCAN2_IT1_IRQHandler    0x800'd001    0x6  Code  ??  stm32g4xx_it.o [8]
FDCAN3_IT0_IRQHandler    0x800'd38d         Code  Wk  startup_stm32g474xx.o [3]
FDCAN3_IT1_IRQHandler    0x800'd391         Code  Wk  startup_stm32g474xx.o [3]
FDCAN_CC_TMCM_sendRunTimeData
                         0x800'71a5   0x5e  Code  ??  FDCAN.o [7]
FDCAN_CC_TMCM_sendStatusData
                         0x800'7203   0x6a  Code  ??  FDCAN.o [7]
FDCAN_RxFilterInit       0x800'7153   0x52  Code  ??  FDCAN.o [7]
FDCAN_SendControlledBrakeMsg
                         0x800'728d   0x2c  Code  ??  FDCAN.o [7]
FDCAN_SendPCMAckMsg      0x800'72e7   0x26  Code  ??  FDCAN.o [7]
FDCAN_SendSlamBrakeMsg   0x800'72b9   0x2e  Code  ??  FDCAN.o [7]
FDCAN_SendStopBrakeMsg   0x800'726d   0x20  Code  ??  FDCAN.o [7]
FDCAN_TMCM_StopFrame     0x800'730d   0x24  Code  ??  FDCAN.o [7]
FDCAN_TxInit             0x800'710d   0x46  Code  ??  FDCAN.o [7]
FDCAN_parseForMotor      0x800'7331  0x2bc  Code  ??  FDCAN.o [7]
FI_CacheFlush            0x800'1c53   0x24  Code  ??  flash_interface.o [4]
FI_CheckBankConfig       0x800'1cdd   0x1e  Code  ??  flash_interface.o [4]
FI_PageErase             0x800'1bed   0x66  Code  ??  flash_interface.o [4]
FI_WriteDoubleWord       0x800'1be5    0x8  Code  ??  flash_interface.o [4]
FLASH_FlushCaches        0x800'21db   0x52  Code  ??  stm32g4xx_hal_flash_ex.o [6]
FLASH_IRQHandler         0x800'd26d         Code  Wk  startup_stm32g474xx.o [3]
FLASH_MassErase          0x800'2157   0x40  Code  Lc  stm32g4xx_hal_flash_ex.o [6]
FLASH_PageErase          0x800'2197   0x44  Code  ??  stm32g4xx_hal_flash_ex.o [6]
FLASH_Program_DoubleWord
                         0x800'1e6d   0x1c  Code  Lc  stm32g4xx_hal_flash.o [6]
FLASH_Program_Fast       0x800'1e8d   0x40  Code  Lc  stm32g4xx_hal_flash.o [6]
FLASH_WaitForLastOperation
                         0x800'1e27   0x46  Code  ??  stm32g4xx_hal_flash.o [6]
FMAC_IRQHandler          0x800'd3c1         Code  Wk  startup_stm32g474xx.o [3]
FMC_IRQHandler           0x800'd2fd         Code  Wk  startup_stm32g474xx.o [3]
FOCVars                 0x2000'1190   0x28  Data  ??  mc_tasks.o [8]
FOC_CalcCurrRef          0x800'c379   0x2c  Code  Wk  mc_tasks.o [8]
FOC_Clear                0x800'9c59   0x70  Code  Wk  mc_tasks.o [8]
FOC_InitAdditionalMethods
                         0x800'c375    0x2  Code  Wk  mc_tasks.o [8]
FPU_IRQHandler           0x800'd37d         Code  Wk  startup_stm32g474xx.o [3]
FindPage                 0x800'12b3  0x25c  Code  Lc  eeprom_emul.o [4]
GetBankNumber            0x800'1c77   0x50  Code  Lc  flash_interface.o [4]
HAL_ADCEx_InjectedConfigChannel
                         0x800'3d3b  0x470  Code  ??  stm32g4xx_hal_adc_ex.o [6]
HAL_ADCEx_MultiModeConfigChannel
                         0x800'41ab  0x11e  Code  ??  stm32g4xx_hal_adc_ex.o [6]
HAL_ADC_ConfigChannel    0x800'3915  0x3c6  Code  ??  stm32g4xx_hal_adc.o [6]
HAL_ADC_Init             0x800'36b3  0x240  Code  ??  stm32g4xx_hal_adc.o [6]
HAL_ADC_MspInit          0x800'5cc7   0xe0  Code  ??  stm32g4xx_hal_msp.o [8]
HAL_CORDIC_Init          0x800'4311   0x36  Code  ??  stm32g4xx_hal_cordic.o [6]
HAL_CORDIC_MspInit       0x800'5da7   0x26  Code  ??  stm32g4xx_hal_msp.o [8]
HAL_DAC_ConfigChannel    0x800'4375  0x1a8  Code  ??  stm32g4xx_hal_dac.o [6]
HAL_DAC_Init             0x800'434d   0x28  Code  ??  stm32g4xx_hal_dac.o [6]
HAL_DAC_MspInit          0x800'5dcd   0x5c  Code  ??  stm32g4xx_hal_msp.o [8]
HAL_Delay                0x800'70d5   0x2c  Code  Wk  stm32g4xx_hal.o [6]
HAL_FDCAN_ActivateNotification
                         0x800'4a03   0xec  Code  ??  stm32g4xx_hal_fdcan.o [6]
HAL_FDCAN_AddMessageToTxFifoQ
                         0x800'47f5   0xc6  Code  ??  stm32g4xx_hal_fdcan.o [6]
HAL_FDCAN_ConfigFilter   0x800'4731   0x5a  Code  ??  stm32g4xx_hal_fdcan.o [6]
HAL_FDCAN_ConfigGlobalFilter
                         0x800'478b   0x3c  Code  ??  stm32g4xx_hal_fdcan.o [6]
HAL_FDCAN_ErrorCallback
                         0x800'8821    0x2  Code  Wk  stm32g4xx_hal_fdcan.o [6]
HAL_FDCAN_ErrorStatusCallback
                         0x800'881f    0x2  Code  Wk  stm32g4xx_hal_fdcan.o [6]
HAL_FDCAN_GetRxMessage   0x800'48bd  0x146  Code  ??  stm32g4xx_hal_fdcan.o [6]
HAL_FDCAN_HighPriorityMessageCallback
                         0x800'880f    0x2  Code  Wk  stm32g4xx_hal_fdcan.o [6]
HAL_FDCAN_IRQHandler     0x800'4aef  0x170  Code  ??  stm32g4xx_hal_fdcan.o [6]
HAL_FDCAN_Init           0x800'4525  0x1f0  Code  ??  stm32g4xx_hal_fdcan.o [6]
HAL_FDCAN_MspInit        0x800'5e29   0x84  Code  ??  stm32g4xx_hal_msp.o [8]
HAL_FDCAN_RxFifo0Callback
                         0x800'31b1   0x2c  Code  ??  main.o [8]
HAL_FDCAN_RxFifo1Callback
                         0x800'8815    0x2  Code  Wk  stm32g4xx_hal_fdcan.o [6]
HAL_FDCAN_Start          0x800'47c7   0x2c  Code  ??  stm32g4xx_hal_fdcan.o [6]
HAL_FDCAN_TimeoutOccurredCallback
                         0x800'881d    0x2  Code  Wk  stm32g4xx_hal_fdcan.o [6]
HAL_FDCAN_TimestampWraparoundCallback
                         0x800'881b    0x2  Code  Wk  stm32g4xx_hal_fdcan.o [6]
HAL_FDCAN_TxBufferAbortCallback
                         0x800'8811    0x2  Code  Wk  stm32g4xx_hal_fdcan.o [6]
HAL_FDCAN_TxBufferCompleteCallback
                         0x800'8819    0x2  Code  Wk  stm32g4xx_hal_fdcan.o [6]
HAL_FDCAN_TxEventFifoCallback
                         0x800'8813    0x2  Code  Wk  stm32g4xx_hal_fdcan.o [6]
HAL_FDCAN_TxFifoEmptyCallback
                         0x800'8817    0x2  Code  Wk  stm32g4xx_hal_fdcan.o [6]
HAL_FLASHEx_Erase        0x800'1ee5   0xdc  Code  ??  stm32g4xx_hal_flash_ex.o [6]
HAL_FLASHEx_OBGetConfig
                         0x800'1fc1  0x196  Code  ??  stm32g4xx_hal_flash_ex.o [6]
HAL_FLASH_Lock           0x800'1e11   0x16  Code  ??  stm32g4xx_hal_flash.o [6]
HAL_FLASH_Program        0x800'1d79   0x78  Code  ??  stm32g4xx_hal_flash.o [6]
HAL_FLASH_Unlock         0x800'1df1   0x20  Code  ??  stm32g4xx_hal_flash.o [6]
HAL_GPIO_EXTI_Callback   0x800'32cd    0xe  Code  ??  main.o [8]
HAL_GPIO_EXTI_IRQHandler
                         0x800'357f   0x12  Code  ??  stm32g4xx_hal_gpio.o [6]
HAL_GPIO_Init            0x800'33d1  0x1a2  Code  ??  stm32g4xx_hal_gpio.o [6]
HAL_GPIO_WritePin        0x800'3575    0xa  Code  ??  stm32g4xx_hal_gpio.o [6]
HAL_GetTick              0x800'2261    0xc  Code  Wk  stm32g4xx_hal.o [6]
HAL_IncTick              0x800'caa5   0x10  Code  Wk  stm32g4xx_hal.o [6]
HAL_Init                 0x800'331d   0x1e  Code  ??  stm32g4xx_hal.o [6]
HAL_InitTick             0x800'87c5   0x48  Code  Wk  stm32g4xx_hal.o [6]
HAL_MspInit              0x800'5c85   0x42  Code  ??  stm32g4xx_hal_msp.o [8]
HAL_NVIC_EnableIRQ       0x800'361b   0x16  Code  ??  stm32g4xx_hal_cortex.o [6]
HAL_NVIC_SetPriority     0x800'35c9   0x52  Code  ??  stm32g4xx_hal_cortex.o [6]
HAL_NVIC_SetPriorityGrouping
                         0x800'35b5   0x14  Code  ??  stm32g4xx_hal_cortex.o [6]
HAL_NVIC_SystemReset     0x800'3631   0x1a  Code  ??  stm32g4xx_hal_cortex.o [6]
HAL_PWREx_ControlVoltageScaling
                         0x800'7d61   0xbe  Code  ??  stm32g4xx_hal_pwr_ex.o [6]
HAL_RCCEx_PeriphCLKConfig
                         0x800'8501  0x2ba  Code  ??  stm32g4xx_hal_rcc_ex.o [6]
HAL_RCC_ADC12_CLK_ENABLED
                        0x2000'1464    0x4  Data  Lc  stm32g4xx_hal_msp.o [8]
HAL_RCC_ClockConfig      0x800'8275  0x1c4  Code  ??  stm32g4xx_hal_rcc.o [6]
HAL_RCC_GetHCLKFreq      0x800'8497    0x6  Code  ??  stm32g4xx_hal_rcc.o [6]
HAL_RCC_GetPCLK1Freq     0x800'849d   0x18  Code  ??  stm32g4xx_hal_rcc.o [6]
HAL_RCC_GetPCLK2Freq     0x800'84b5   0x18  Code  ??  stm32g4xx_hal_rcc.o [6]
HAL_RCC_GetSysClockFreq
                         0x800'8439   0x5e  Code  ??  stm32g4xx_hal_rcc.o [6]
HAL_RCC_OscConfig        0x800'7e2d  0x448  Code  ??  stm32g4xx_hal_rcc.o [6]
HAL_SPI_Init             0x800'4c71   0xb8  Code  ??  stm32g4xx_hal_spi.o [6]
HAL_SPI_MspInit          0x800'5ead   0x5e  Code  ??  stm32g4xx_hal_msp.o [8]
HAL_SPI_TransmitReceive
                         0x800'4d29  0x26e  Code  ??  stm32g4xx_hal_spi.o [6]
HAL_SYSTICK_Callback     0x800'880d    0x2  Code  Wk  stm32g4xx_hal_cortex.o [6]
HAL_SYSTICK_Config       0x800'364b   0x22  Code  ??  stm32g4xx_hal_cortex.o [6]
HAL_SYSTICK_IRQHandler   0x800'366d    0x4  Code  ??  stm32g4xx_hal_cortex.o [6]
HAL_TIMEx_Break2Callback
                         0x800'882d    0x2  Code  Wk  stm32g4xx_hal_tim_ex.o [6]
HAL_TIMEx_BreakCallback
                         0x800'882b    0x2  Code  Wk  stm32g4xx_hal_tim_ex.o [6]
HAL_TIMEx_CommutCallback
                         0x800'8831    0x2  Code  Wk  stm32g4xx_hal_tim_ex.o [6]
HAL_TIMEx_ConfigBreakDeadTime
                         0x800'5ad9   0xb8  Code  ??  stm32g4xx_hal_tim_ex.o [6]
HAL_TIMEx_ConfigBreakInput
                         0x800'5b91   0xe8  Code  ??  stm32g4xx_hal_tim_ex.o [6]
HAL_TIMEx_DirectionChangeCallback
                         0x800'8835    0x2  Code  Wk  stm32g4xx_hal_tim_ex.o [6]
HAL_TIMEx_EncoderIndexCallback
                         0x800'8833    0x2  Code  Wk  stm32g4xx_hal_tim_ex.o [6]
HAL_TIMEx_IndexErrorCallback
                         0x800'8837    0x2  Code  Wk  stm32g4xx_hal_tim_ex.o [6]
HAL_TIMEx_MasterConfigSynchronization
                         0x800'5a6d   0x66  Code  ??  stm32g4xx_hal_tim_ex.o [6]
HAL_TIMEx_TransitionErrorCallback
                         0x800'8839    0x2  Code  Wk  stm32g4xx_hal_tim_ex.o [6]
HAL_TIM_Base_Init        0x800'5109   0x34  Code  ??  stm32g4xx_hal_tim.o [6]
HAL_TIM_Base_MspInit     0x800'5f0b   0xd2  Code  ??  stm32g4xx_hal_msp.o [8]
HAL_TIM_Base_Start_IT    0x800'513d   0x28  Code  ??  stm32g4xx_hal_tim.o [6]
HAL_TIM_Encoder_Init     0x800'519d   0x96  Code  ??  stm32g4xx_hal_tim.o [6]
HAL_TIM_Encoder_MspInit
                         0x800'5fdd   0x5c  Code  ??  stm32g4xx_hal_msp.o [8]
HAL_TIM_IC_CaptureCallback
                         0x800'8825    0x2  Code  Wk  stm32g4xx_hal_tim.o [6]
HAL_TIM_IRQHandler       0x800'5233  0x1cc  Code  ??  stm32g4xx_hal_tim.o [6]
HAL_TIM_MspPostInit      0x800'6039   0x78  Code  ??  stm32g4xx_hal_msp.o [8]
HAL_TIM_OC_DelayElapsedCallback
                         0x800'8827    0x2  Code  Wk  stm32g4xx_hal_tim.o [6]
HAL_TIM_PWM_ConfigChannel
                         0x800'5401  0x148  Code  ??  stm32g4xx_hal_tim.o [6]
HAL_TIM_PWM_Init         0x800'5165   0x34  Code  ??  stm32g4xx_hal_tim.o [6]
HAL_TIM_PWM_MspInit      0x800'8823    0x2  Code  Wk  stm32g4xx_hal_tim.o [6]
HAL_TIM_PWM_PulseFinishedCallback
                         0x800'8829    0x2  Code  Wk  stm32g4xx_hal_tim.o [6]
HAL_TIM_PeriodElapsedCallback
                         0x800'31f1   0xdc  Code  ??  main.o [8]
HAL_TIM_SlaveConfigSynchro
                         0x800'5555   0x56  Code  ??  stm32g4xx_hal_tim.o [6]
HAL_TIM_TriggerCallback
                         0x800'882f    0x2  Code  Wk  stm32g4xx_hal_tim.o [6]
HAL_UARTEx_DisableFifoMode
                         0x800'6ef5   0x40  Code  ??  stm32g4xx_hal_uart_ex.o [6]
HAL_UARTEx_SetRxFifoThreshold
[...]
THERMISTOR_LUT_MOSFET   0x2000'0870  0x258  Data  ??  TemperatureLogic.o [7]
THERMISTOR_LUT_MOTOR    0x2000'0618  0x258  Data  ??  TemperatureLogic.o [7]
TIM1_BRK_TIM15_IRQHandler
                         0x800'c679   0x30  Code  ??  stm32g4xx_mc_it.o [8]
TIM1_CC_IRQHandler       0x800'd2b5         Code  Wk  startup_stm32g474xx.o [3]
TIM1_TRG_COM_TIM17_IRQHandler
                         0x800'cfdf   0x16  Code  ??  stm32g4xx_it.o [8]
TIM1_UP_TIM16_IRQHandler
                         0x800'c66b    0xe  Code  ??  stm32g4xx_mc_it.o [8]
TIM20_BRK_IRQHandler     0x800'd36d         Code  Wk  startup_stm32g474xx.o [3]
TIM20_CC_IRQHandler      0x800'd379         Code  Wk  startup_stm32g474xx.o [3]
TIM20_TRG_COM_IRQHandler
                         0x800'd375         Code  Wk  startup_stm32g474xx.o [3]
TIM20_UP_IRQHandler      0x800'd371         Code  Wk  startup_stm32g474xx.o [3]
TIM2_IRQHandler          0x800'c6a9   0x6a  Code  ??  stm32g4xx_mc_it.o [8]
TIM3_IRQHandler          0x800'd2b9         Code  Wk  startup_stm32g474xx.o [3]
TIM4_IRQHandler          0x800'd2bd         Code  Wk  startup_stm32g474xx.o [3]
TIM5_IRQHandler          0x800'd305         Code  Wk  startup_stm32g474xx.o [3]
TIM6_DAC_IRQHandler      0x800'd315         Code  Wk  startup_stm32g474xx.o [3]
TIM7_DAC_IRQHandler      0x800'cff5    0x6  Code  ??  stm32g4xx_it.o [8]
TIM8_BRK_IRQHandler      0x800'd2e9         Code  Wk  startup_stm32g474xx.o [3]
TIM8_CC_IRQHandler       0x800'd2f5         Code  Wk  startup_stm32g474xx.o [3]
TIM8_TRG_COM_IRQHandler
                         0x800'd2f1         Code  Wk  startup_stm32g474xx.o [3]
TIM8_UP_IRQHandler       0x800'd2ed         Code  Wk  startup_stm32g474xx.o [3]
TIM_Base_SetConfig       0x800'55ab   0xdc  Code  ??  stm32g4xx_hal_tim.o [6]
TIM_OC1_SetConfig        0x800'5687   0xa2  Code  Lc  stm32g4xx_hal_tim.o [6]
TIM_OC2_SetConfig        0x800'5729   0x8e  Code  ??  stm32g4xx_hal_tim.o [6]
TIM_OC3_SetConfig        0x800'57b7   0x7e  Code  Lc  stm32g4xx_hal_tim.o [6]
TIM_OC4_SetConfig        0x800'5837   0x80  Code  Lc  stm32g4xx_hal_tim.o [6]
TIM_OC5_SetConfig        0x800'58b7   0x5e  Code  Lc  stm32g4xx_hal_tim.o [6]
TIM_OC6_SetConfig        0x800'5917   0x60  Code  Lc  stm32g4xx_hal_tim.o [6]
TIM_SlaveTimer_SetConfig
                         0x800'5977   0xba  Code  Lc  stm32g4xx_hal_tim.o [6]
TMCM_SpeedLoop_TurnOff   0x800'7be9   0x2c  Code  ??  StateMachine.o [7]
TSK_ChargeBootCapDelayHasElapsedM1
                         0x800'c0bd   0x14  Code  Wk  mc_tasks.o [8]
TSK_HardwareFaultTask    0x800'ca85   0x20  Code  Wk  mc_tasks.o [8]
TSK_HighFrequencyTask    0x800'b5d9  0x248  Code  Wk  mc_tasks.o [8]
TSK_MediumFrequencyTaskM1
                         0x800'bc19  0x21c  Code  Wk  mc_tasks.o [8]
TSK_SafetyTask           0x800'cbd5   0x24  Code  Wk  mc_tasks.o [8]
TSK_SafetyTask_PWMOFF    0x800'cc25   0xb0  Code  Wk  mc_tasks.o [8]
TSK_SetChargeBootCapDelayM1
                         0x800'c0b1    0xc  Code  Wk  mc_tasks.o [8]
TSK_SetStopPermanencyTimeM1
                         0x800'c43d    0xc  Code  Wk  mc_tasks.o [8]
TSK_StopPermanencyTimeHasElapsedM1
                         0x800'c449   0x14  Code  Wk  mc_tasks.o [8]
TempSensorParamsM1      0x2000'0318   0x28  Data  ??  mc_config.o [8]
TxData                  0x2000'13c4    0x8  Data  ??  FDCAN.o [7]
TxHeader                0x2000'13a0   0x24  Data  ??  FDCAN.o [7]
UART4_IRQHandler         0x800'd30d         Code  Wk  startup_stm32g474xx.o [3]
UART5_IRQHandler         0x800'd311         Code  Wk  startup_stm32g474xx.o [3]
UART_AdvFeatureConfig    0x800'6d05   0xc6  Code  ??  stm32g4xx_hal_uart.o [6]
UART_CheckIdleState      0x800'6dcb   0xba  Code  ??  stm32g4xx_hal_uart.o [6]
UART_SetConfig           0x800'61c5  0xb1a  Code  ??  stm32g4xx_hal_uart.o [6]
UCPD1_IRQHandler         0x800'd335         Code  Wk  startup_stm32g474xx.o [3]
UFCP_AbortReceive        0x800'd231    0x8  Code  Wk  usart_frame_communication_protocol.o [5]
UFCP_Init                0x800'9d31    0x4  Code  Wk  usart_frame_communication_protocol.o [5]
UFCP_OVR_IRQ_Handler     0x800'ca6d   0x18  Code  Wk  usart_frame_communication_protocol.o [5]
UFCP_RX_IRQ_Handler      0x800'c91d   0xd4  Code  Wk  usart_frame_communication_protocol.o [5]
UFCP_Receive             0x800'333b   0x26  Code  Wk  usart_frame_communication_protocol.o [5]
UFCP_Send                0x800'cb51   0x84  Code  Wk  usart_frame_communication_protocol.o [5]
UFCP_TX_IRQ_Handler      0x800'ca09   0x64  Code  Wk  usart_frame_communication_protocol.o [5]
UFCP_Usart_Timeout_none
                         0x800'4346    0x2  Data  Lc  usart_frame_communication_protocol.o [5]
UFCP_Usart_Timeout_start
                         0x800'4348    0x2  Data  Lc  usart_frame_communication_protocol.o [5]
UFCP_Usart_Timeout_stop
                         0x800'434a    0x2  Data  Lc  usart_frame_communication_protocol.o [5]
UI_DACExec               0x800'9d1d    0xa  Code  ??  user_interface.o [8]
UI_DACInit               0x800'9d13    0xa  Code  Wk  user_interface.o [8]
UI_DACUpdate             0x800'c825   0x2c  Code  Wk  ui_task.o [8]
UI_ExecCmd               0x800'ad39   0x92  Code  Wk  user_interface.o [8]
UI_ExecSpeedRamp         0x800'adcd   0x34  Code  Wk  user_interface.o [8]
UI_ExecTorqueRamp        0x800'ae01   0x14  Code  Wk  user_interface.o [8]
UI_GetDAC                0x800'ad29   0x10  Code  Wk  user_interface.o [8]
UI_GetMPInfo             0x800'aebb    0x4  Code  Wk  user_interface.o [8]
UI_GetReg                0x800'a8e9  0x440  Code  Wk  user_interface.o [8]
UI_GetRevupData          0x800'ae15   0x50  Code  Wk  user_interface.o [8]
UI_GetSelectedMC         0x800'af27    0x6  Code  Wk  user_interface.o [8]
UI_HandleStartStopButton_cb
                         0x800'cadd   0x18  Code  Wk  ui_task.o [8]
UI_Init                  0x800'9cf9   0x1a  Code  Wk  user_interface.o [8]
UI_Params               0x2000'0368   0x30  Data  ??  mc_config.o [8]
UI_Scheduler             0x800'cbf9   0x2c  Code  Wk  ui_task.o [8]
UI_SelectMC              0x800'aec7   0x14  Code  Wk  user_interface.o [8]
UI_SerialCommunicationTimeOutStart
                         0x800'c9f1    0xc  Code  Wk  ui_task.o [8]
UI_SerialCommunicationTimeOutStop
                         0x800'c9fd    0xc  Code  Wk  ui_task.o [8]
UI_SetCurrentReferences
                         0x800'ae9f   0x1c  Code  Wk  user_interface.o [8]
UI_SetDAC                0x800'9d27    0xa  Code  ??  user_interface.o [8]
UI_SetReg                0x800'a7a5  0x144  Code  Wk  user_interface.o [8]
UI_SetRevupData          0x800'ae65   0x3a  Code  Wk  user_interface.o [8]
UI_TaskInit              0x800'8d59   0xd0  Code  ??  ui_task.o [8]
USART1_IRQHandler        0x800'c713   0x5e  Code  ??  stm32g4xx_mc_it.o [8]
USART2_IRQHandler        0x800'd2d9         Code  Wk  startup_stm32g474xx.o [3]
USART3_IRQHandler        0x800'd2dd         Code  Wk  startup_stm32g474xx.o [3]
USBWakeUp_IRQHandler     0x800'd2e5         Code  Wk  startup_stm32g474xx.o [3]
USB_HP_IRQHandler        0x800'd2a5         Code  Wk  startup_stm32g474xx.o [3]
USB_LP_IRQHandler        0x800'd2a9         Code  Wk  startup_stm32g474xx.o [3]
UsageFault_Handler       0x800'd24d         Code  Wk  startup_stm32g474xx.o [3]
VBS_GetAvBusVoltage_V    0x800'98c9    0xc  Code  Wk  bus_voltage_sensor.o [5]
VSS_Clear                0x800'a05d   0x2e  Code  Wk  virtual_speed_sensor.o [5]
VSS_Init                 0x800'9c05    0x4  Code  Wk  virtual_speed_sensor.o [5]
VSS_SetMecAcceleration   0x800'c515   0x84  Code  Wk  virtual_speed_sensor.o [5]
VSS_SetMecAngle          0x800'c599    0xe  Code  Wk  virtual_speed_sensor.o [5]
VerifyPagesFullWriteVariable
                         0x800'19ad   0xa6  Code  Lc  eeprom_emul.o [4]
VirtualSpeedSensorM1    0x2000'0248   0x38  Data  ??  mc_config.o [8]
WWDG_IRQHandler          0x800'd25d         Code  Wk  startup_stm32g474xx.o [3]
_100ms_counter          0x2000'1124    0x2  Data  ??  main.o [8]
__aeabi_cdrcmple         0x800'7c69         Code  ??  DblCmpGe.o [11]
__aeabi_d2iz             0x800'95f1         Code  ??  DblToS32.o [11]
__aeabi_dadd             0x800'93a1         Code  ??  DblAddSub.o [11]
__aeabi_dmul             0x800'91f5         Code  ??  DblMul.o [11]
__aeabi_f2d              0x800'7c21         Code  ??  FltToDbl.o [11]
__aeabi_ldiv0            0x800'9931         Code  ??  I64DivZer.o [12]
__aeabi_memclr           0x800'aec1         Code  ??  ABImemclr.o [12]
__aeabi_memset           0x800'3361         Code  ??  ABImemset.o [12]
__aeabi_ui2d             0x800'91d9         Code  ??  U32ToDbl.o [11]
__aeabi_uldivmod         0x800'883d         Code  ??  I64DivMod.o [12]
__cmain                  0x800'd185         Code  ??  cmain.o [12]
__exit                   0x800'd1b9   0x14  Code  ??  exit.o [13]
__iar_Memset             0x800'3361         Code  ??  ABImemset.o [12]
__iar_Memset_word        0x800'3369         Code  ??  ABImemset.o [12]
__iar_data_init3         0x800'd0a9   0x18  Code  ??  data_init.o [12]
__iar_init_vfp           0x800'd121         Code  ??  fpinit_M.o [11]
__iar_lz77_init_single3
                         0x800'1cfb   0x7e  Code  ??  lz77_init_single.o [12]
__iar_program_start      0x800'd1cd         Code  ??  cstartup_M.o [12]
__iar_zero_init3         0x800'd019   0x38  Code  ??  zero_init3.o [12]
__low_level_init         0x800'd1a3    0x4  Code  ??  low_level_init.o [9]
__vector_table           0x800'0000         Data  ??  startup_stm32g474xx.o [3]
_call_main               0x800'd191         Code  ??  cmain.o [12]
_exit                    0x800'd1ad         Code  ??  cexit.o [12]
abiSettingsOK           0x2000'146b    0x1  Data  ??  EncoderFns.o [1]
actualVs                0x2000'144c    0x4  Data  ??  circle_limitation.o [5]
applyRegen               0x800'7c9d   0x12  Code  ??  ControlFns.o [7]
b                       0x2000'10fc    0x8  Data  ??  main.o [8]
bCOMATRTimeCounter      0x2000'0d24    0x2  Data  Lc  ui_task.o [8]
bCOMTimeoutCounter      0x2000'0d22    0x2  Data  Lc  ui_task.o [8]
bMCBootCompleted        0x2000'120c    0x1  Data  ??  mc_tasks.o [8]
bUITaskCounter          0x2000'0d20    0x2  Data  Lc  ui_task.o [8]
badTimer                0x2000'1114    0x1  Data  ??  main.o [8]
c                       0x2000'10e0    0x8  Data  ??  main.o [8]
canContIp               0x2000'1450    0x8  Data  ??  main.o [8]
canSSIp                 0x2000'1430    0xc  Data  ??  main.o [8]
ccT                     0x2000'10f8    0x4  Data  ??  main.o [8]
cc_stopMsg_oneTime      0x2000'1107    0x1  Data  ??  main.o [8]
cc_turnOff              0x2000'1104    0x1  Data  ??  main.o [8]
dbgAppyRegen            0x2000'1112    0x1  Data  ??  main.o [8]
deltaAngles             0x2000'116c    0x4  Data  ??  main.o [8]
deltaRPM                0x2000'1116    0x2  Data  ??  main.o [8]
eecfg                   0x2000'10f0    0x8  Data  ??  main.o [8]
encFaultCounter         0x2000'110d    0x1  Data  ??  main.o [8]
encFault_deltaAngle     0x2000'1170    0x4  Data  ??  main.o [8]
encFault_spiAngle       0x2000'1174    0x4  Data  ??  main.o [8]
encFlts                 0x2000'10d4    0xc  Data  ??  main.o [8]
exit                     0x800'd1a7    0x4  Code  ??  exit.o [9]
finalDataVal            0x2000'1428    0x2  Data  ??  AS5x47P.o [1]
finalrxbuf              0x2000'1424    0x2  Data  ??  AS5x47P.o [1]
firstMsg                0x2000'13ce    0x1  Data  ??  FDCAN.o [7]
functionID              0x2000'13d0    0x4  Data  ??  FDCAN.o [7]
getMotorIndexFromMotorID
                         0x800'7889   0x54  Code  ??  Configuration.o [7]
hBootCapDelayCounterM1  0x2000'1210    0x2  Data  Lc  mc_tasks.o [8]
hMFTaskCounterM1        0x2000'120e    0x2  Data  Lc  mc_tasks.o [8]
hMeasuredSpeedUserDefined
                        0x2000'1462    0x2  Data  ??  speed_torq_ctrl.o [5]
hStopPermanencyCounterM1
                        0x2000'1212    0x2  Data  Lc  mc_tasks.o [8]
hTargetSpeedUserDefined
                        0x2000'1460    0x2  Data  ??  speed_torq_ctrl.o [5]
hadc1                   0x2000'0d28   0x6c  Data  ??  main.o [8]
hadc2                   0x2000'0d94   0x6c  Data  ??  main.o [8]
hcordic                 0x2000'1128   0x28  Data  ??  main.o [8]
hdac1                   0x2000'1150   0x14  Data  ??  main.o [8]
hfdcan2                 0x2000'0e00   0x64  Data  ??  main.o [8]
hspi1                   0x2000'0e64   0x64  Data  ??  main.o [8]
htim1                   0x2000'0f78   0x40  Data  ??  main.o [8]
htim16                  0x2000'1038   0x40  Data  ??  main.o [8]
htim17                  0x2000'1078   0x40  Data  ??  main.o [8]
htim2                   0x2000'0fb8   0x40  Data  ??  main.o [8]
htim7                   0x2000'0ff8   0x40  Data  ??  main.o [8]
huart1                  0x2000'0ec8   0x8c  Data  ??  main.o [8]
initializeStartSeqParams
                         0x800'7a19    0xc  Code  ??  StartSequence.o [7]
inputsOk                0x2000'13cc    0x1  Data  ??  FDCAN.o [7]
k                       0x2000'1448    0x4  Data  ??  circle_limitation.o [5]
laptopCC_increment       0x800'7ce3   0x58  Code  ??  ControlFns.o [7]
laptopCC_on              0x800'7caf   0x34  Code  ??  ControlFns.o [7]
laptopCC_stop            0x800'7d45    0xa  Code  ??  ControlFns.o [7]
lcc                     0x2000'10b8   0x10  Data  ??  main.o [8]
main                     0x800'226d  0xeae  Code  ??  main.o [8]
mc_lock_pins             0x800'8c2d  0x12c  Code  Wk  mc_tasks.o [8]
ms16Val                 0x2000'1216    0x2  Data  ??  mc_tasks.o [8]
nvicReset               0x2000'1105    0x1  Data  ??  main.o [8]
oMCInterface            0x2000'121c    0x4  Data  ??  mc_tasks.o [8]
pBusSensorM1            0x2000'1234    0x4  Data  ??  mc_tasks.o [8]
pCLM                    0x2000'1244    0x4  Data  ??  mc_tasks.o [8]
pDAC                    0x2000'1348    0x4  Data  ??  ui_task.o [8]
pEAC                    0x2000'1230    0x4  Data  ??  mc_tasks.o [8]
pFlash                  0x2000'05f4   0x20  Data  ??  stm32g4xx_hal_flash.o [6]
pMCI                    0x2000'05dc    0x4  Data  ??  motorcontrol.o [8]
pMCP                    0x2000'134c    0x4  Data  ??  ui_task.o [8]
pMCT                    0x2000'05e0    0x4  Data  ??  motorcontrol.o [8]
pMPM                    0x2000'1240    0x4  Data  ??  mc_tasks.o [8]
pPIDId                  0x2000'122c    0x4  Data  ??  mc_tasks.o [8]
pPIDIq                  0x2000'1228    0x4  Data  ??  mc_tasks.o [8]
pPIDSpeed               0x2000'1224    0x4  Data  ??  mc_tasks.o [8]
pREMNG                  0x2000'1248    0x4  Data  ??  mc_tasks.o [8]
pSTC                    0x2000'1220    0x4  Data  ??  mc_tasks.o [8]
pTemperatureSensor      0x2000'1238    0x4  Data  ??  mc_tasks.o [8]
pUSART                  0x2000'04a0  0x13c  Data  ??  mc_config.o [8]
parityCheck              0x800'9629   0x28  Code  ??  AS5x47P.o [1]
podOK                   0x2000'13cd    0x1  Data  ??  FDCAN.o [7]
pwmcHandle              0x2000'123c    0x4  Data  ??  mc_tasks.o [8]
readdataframe           0x2000'146e    0x2  Data  ??  EncoderFns.o [1]
receivedData            0x2000'142c    0x2  Data  ??  AS5x47P.o [1]
recievedFrame           0x2000'142a    0x2  Data  ??  AS5x47P.o [1]
resetCustomFaults       0x2000'110e    0x1  Data  ??  main.o [8]
resetStartSeq           0x2000'1111    0x1  Data  ??  main.o [8]
resetStartSeqErrorState
                         0x800'7a2f    0x6  Code  ??  StartSequence.o [7]
resetStartSeqParams      0x800'7a25    0xa  Code  ??  StartSequence.o [7]
rxbuf                   0x2000'1422    0x2  Data  ??  AS5x47P.o [1]
sFilterConfig           0x2000'1408   0x18  Data  ??  FDCAN.o [7]
s_fwVer                  0x800'd164   0x20  Data  ??  motorcontrol.o [8]
settings1Reg            0x2000'1468    0x2  Data  ??  EncoderFns.o [1]
settings2Reg            0x2000'146a    0x1  Data  ??  EncoderFns.o [1]
setupMotorEncoder_inABI_Mode
                         0x800'78ff   0x48  Code  ??  EncoderFns.o [1]
source_address          0x2000'13d4    0x4  Data  ??  FDCAN.o [7]
spiRaw                  0x2000'1122    0x2  Data  ??  main.o [8]
spi_FailCount           0x2000'110f    0x1  Data  ??  main.o [8]
spi_elAngle             0x2000'1168    0x4  Data  ??  main.o [8]
ss                      0x2000'0f54   0x24  Data  ??  main.o [8]
ssq                     0x2000'10e8    0x8  Data  ??  main.o [8]
ssqErrorState           0x2000'1110    0x1  Data  ??  main.o [8]
stEnc_absDeltaVal       0x2000'111e    0x2  Data  ??  main.o [8]
stEnc_deltaVal          0x2000'1120    0x2  Data  ??  main.o [8]
st_calib_off            0x2000'1109    0x1  Data  ??  main.o [8]
st_calib_on             0x2000'1108    0x1  Data  ??  main.o [8]
st_counter              0x2000'110b    0x1  Data  ??  main.o [8]
st_encVal               0x2000'111c    0x2  Data  ??  main.o [8]
st_encVal_start         0x2000'111a    0x2  Data  ??  main.o [8]
st_increment            0x2000'110a    0x1  Data  ??  main.o [8]
startEncoderChecking     0x800'79e5   0x20  Code  ??  EncFaults.o [7]
startTimers              0x800'9a9d   0x74  Code  Wk  pwm_common.o [5]
start_state             0x2000'1113    0x1  Data  ??  main.o [8]
step_current            0x2000'1118    0x2  Data  ??  main.o [8]
stopEncoderChecking      0x800'7a05   0x14  Code  ??  EncFaults.o [7]
t                       0x2000'10c8    0xc  Data  ??  main.o [8]
temp1                   0x2000'1250    0x4  Data  ??  mc_tasks.o [8]
temp2                   0x2000'1254    0x4  Data  ??  mc_tasks.o [8]
temp3                   0x2000'1218    0x2  Data  ??  mc_tasks.o [8]
transmitVar             0x2000'1426    0x2  Data  ??  AS5x47P.o [1]
triggerSPIAngleReading  0x2000'110c    0x1  Data  ??  main.o [8]
txbuf                   0x2000'1420    0x2  Data  ??  AS5x47P.o [1]
ubCurrentActivePage     0x2000'0000    0x1  Data  ??  eeprom_emul.o [4]
uhNbWrittenElements     0x2000'0002    0x2  Data  ??  eeprom_emul.o [4]
updateEncoderZeroPosition
                         0x800'7947   0x2e  Code  ??  EncoderFns.o [1]
updateTMCMState          0x800'7b71   0x78  Code  ??  StateMachine.o [7]
uwAddressNextWrite      0x2000'0004    0x4  Data  ??  eeprom_emul.o [4]
uwTick                  0x2000'05e8    0x4  Data  ??  stm32g4xx_hal.o [6]
uwTickFreq              0x2000'05f0    0x4  Data  ??  stm32g4xx_hal.o [6]
uwTickPrio              0x2000'05ec    0x4  Data  ??  stm32g4xx_hal.o [6]
valFromSPI              0x2000'1214    0x2  Data  ??  mc_tasks.o [8]
wConfig                 0x2000'05e4    0x4  Data  ??  motorcontrol.o [8]
waitForPolarizationEnd   0x800'ced1   0x3e  Code  Wk  pwm_common.o [5]
writtenData             0x2000'142e    0x2  Data  ??  AS5x47P.o [1]
zeroPos                 0x2000'146c    0x2  Data  ??  EncoderFns.o [1]


[1] = F:\Harsha\Hashtic_Controller_V2\JHASHTICSourceCodeV1\EWARM\JHASHTICSourceCodeV1\Obj\AS5x47P_10707280842051142451.dir
[2] = F:\Harsha\Hashtic_Controller_V2\JHASHTICSourceCodeV1\EWARM\JHASHTICSourceCodeV1\Obj\CMSIS_6603591812247902717.dir
[3] = F:\Harsha\Hashtic_Controller_V2\JHASHTICSourceCodeV1\EWARM\JHASHTICSourceCodeV1\Obj\EWARM_18443280873093131863.dir
[4] = F:\Harsha\Hashtic_Controller_V2\JHASHTICSourceCodeV1\EWARM\JHASHTICSourceCodeV1\Obj\EmulatedEeprom_4132558620250689270.dir
[5] = F:\Harsha\Hashtic_Controller_V2\JHASHTICSourceCodeV1\EWARM\JHASHTICSourceCodeV1\Obj\MotorControl_8024592486813348213.dir
[6] = F:\Harsha\Hashtic_Controller_V2\JHASHTICSourceCodeV1\EWARM\JHASHTICSourceCodeV1\Obj\STM32G4xx_HAL_Driver_577954748077118867.dir
[7] = F:\Harsha\Hashtic_Controller_V2\JHASHTICSourceCodeV1\EWARM\JHASHTICSourceCodeV1\Obj\TMCM_13913985769163509077.dir
[8] = F:\Harsha\Hashtic_Controller_V2\JHASHTICSourceCodeV1\EWARM\JHASHTICSourceCodeV1\Obj\User_8454777428142420917.dir
[9] = dl7M_tlf.a
[10] = libmc-iar_M4.a
[11] = m7M_tls.a
[12] = rt7M_tl.a
[13] = shb_l.a

  52'680 bytes of readonly  code memory
   3'505 bytes of readonly  data memory
   6'257 bytes of readwrite data memory

Errors: none
Warnings: none
